<?xml version="1.0" encoding="ISO-8859-1" ?>
<link_info>
   <banner>TI ARM Linker PC v20.2.5.LTS</banner>
   <copyright>Copyright (c) 1996-2018 Texas Instruments Incorporated</copyright>
   <link_time>0x61d40ffe</link_time>
   <link_errors>0x0</link_errors>
   <output_file>test1_for_task3.out</output_file>
   <entry_point>
      <name>_c_int00_noargs</name>
      <address>0x3f4d</address>
   </entry_point>
   <input_file_list>
      <input_file id="fl-2">
         <path>.\</path>
         <kind>object</kind>
         <file>Clock.obj</file>
         <name>Clock.obj</name>
      </input_file>
      <input_file id="fl-3">
         <path>.\</path>
         <kind>object</kind>
         <file>Motor.obj</file>
         <name>Motor.obj</name>
      </input_file>
      <input_file id="fl-4">
         <path>.\</path>
         <kind>object</kind>
         <file>PWM.obj</file>
         <name>PWM.obj</name>
      </input_file>
      <input_file id="fl-5">
         <path>.\</path>
         <kind>object</kind>
         <file>Reflectance.obj</file>
         <name>Reflectance.obj</name>
      </input_file>
      <input_file id="fl-6">
         <path>.\</path>
         <kind>object</kind>
         <file>UART0.obj</file>
         <name>UART0.obj</name>
      </input_file>
      <input_file id="fl-7">
         <path>.\</path>
         <kind>object</kind>
         <file>main.obj</file>
         <name>main.obj</name>
      </input_file>
      <input_file id="fl-8">
         <path>.\</path>
         <kind>object</kind>
         <file>startup_msp432p401r_ccs.obj</file>
         <name>startup_msp432p401r_ccs.obj</name>
      </input_file>
      <input_file id="fl-9">
         <path>.\</path>
         <kind>object</kind>
         <file>system_msp432p401r.obj</file>
         <name>system_msp432p401r.obj</name>
      </input_file>
      <input_file id="fl-d">
         <kind>object</kind>
         <file>&lt;internal&gt;</file>
         <name>&lt;internal&gt;</name>
      </input_file>
      <input_file id="fl-c3">
         <path>C:\ti\ccs1100\ccs\tools\compiler\ti-cgt-arm_20.2.5.LTS\lib\</path>
         <kind>archive</kind>
         <file>rtsv7M4_T_le_v4SPD16_eabi.lib</file>
         <name>printf.c.obj</name>
      </input_file>
      <input_file id="fl-c4">
         <path>C:\ti\ccs1100\ccs\tools\compiler\ti-cgt-arm_20.2.5.LTS\lib\</path>
         <kind>archive</kind>
         <file>rtsv7M4_T_le_v4SPD16_eabi.lib</file>
         <name>_printfi.c.obj</name>
      </input_file>
      <input_file id="fl-c5">
         <path>C:\ti\ccs1100\ccs\tools\compiler\ti-cgt-arm_20.2.5.LTS\lib\</path>
         <kind>archive</kind>
         <file>rtsv7M4_T_le_v4SPD16_eabi.lib</file>
         <name>fopen.c.obj</name>
      </input_file>
      <input_file id="fl-c6">
         <path>C:\ti\ccs1100\ccs\tools\compiler\ti-cgt-arm_20.2.5.LTS\lib\</path>
         <kind>archive</kind>
         <file>rtsv7M4_T_le_v4SPD16_eabi.lib</file>
         <name>fputc.c.obj</name>
      </input_file>
      <input_file id="fl-c7">
         <path>C:\ti\ccs1100\ccs\tools\compiler\ti-cgt-arm_20.2.5.LTS\lib\</path>
         <kind>archive</kind>
         <file>rtsv7M4_T_le_v4SPD16_eabi.lib</file>
         <name>fputs.c.obj</name>
      </input_file>
      <input_file id="fl-c8">
         <path>C:\ti\ccs1100\ccs\tools\compiler\ti-cgt-arm_20.2.5.LTS\lib\</path>
         <kind>archive</kind>
         <file>rtsv7M4_T_le_v4SPD16_eabi.lib</file>
         <name>_io_perm.c.obj</name>
      </input_file>
      <input_file id="fl-c9">
         <path>C:\ti\ccs1100\ccs\tools\compiler\ti-cgt-arm_20.2.5.LTS\lib\</path>
         <kind>archive</kind>
         <file>rtsv7M4_T_le_v4SPD16_eabi.lib</file>
         <name>setvbuf.c.obj</name>
      </input_file>
      <input_file id="fl-ca">
         <path>C:\ti\ccs1100\ccs\tools\compiler\ti-cgt-arm_20.2.5.LTS\lib\</path>
         <kind>archive</kind>
         <file>rtsv7M4_T_le_v4SPD16_eabi.lib</file>
         <name>s_frexp.c.obj</name>
      </input_file>
      <input_file id="fl-cb">
         <path>C:\ti\ccs1100\ccs\tools\compiler\ti-cgt-arm_20.2.5.LTS\lib\</path>
         <kind>archive</kind>
         <file>rtsv7M4_T_le_v4SPD16_eabi.lib</file>
         <name>s_scalbn.c.obj</name>
      </input_file>
      <input_file id="fl-cc">
         <path>C:\ti\ccs1100\ccs\tools\compiler\ti-cgt-arm_20.2.5.LTS\lib\</path>
         <kind>archive</kind>
         <file>rtsv7M4_T_le_v4SPD16_eabi.lib</file>
         <name>wcslen.c.obj</name>
      </input_file>
      <input_file id="fl-cd">
         <path>C:\ti\ccs1100\ccs\tools\compiler\ti-cgt-arm_20.2.5.LTS\lib\</path>
         <kind>archive</kind>
         <file>rtsv7M4_T_le_v4SPD16_eabi.lib</file>
         <name>fd_add_t2.asm.obj</name>
      </input_file>
      <input_file id="fl-ce">
         <path>C:\ti\ccs1100\ccs\tools\compiler\ti-cgt-arm_20.2.5.LTS\lib\</path>
         <kind>archive</kind>
         <file>rtsv7M4_T_le_v4SPD16_eabi.lib</file>
         <name>fd_cmp_t2.asm.obj</name>
      </input_file>
      <input_file id="fl-cf">
         <path>C:\ti\ccs1100\ccs\tools\compiler\ti-cgt-arm_20.2.5.LTS\lib\</path>
         <kind>archive</kind>
         <file>rtsv7M4_T_le_v4SPD16_eabi.lib</file>
         <name>fd_div_t2.asm.obj</name>
      </input_file>
      <input_file id="fl-d0">
         <path>C:\ti\ccs1100\ccs\tools\compiler\ti-cgt-arm_20.2.5.LTS\lib\</path>
         <kind>archive</kind>
         <file>rtsv7M4_T_le_v4SPD16_eabi.lib</file>
         <name>fd_mul_t2.asm.obj</name>
      </input_file>
      <input_file id="fl-d1">
         <path>C:\ti\ccs1100\ccs\tools\compiler\ti-cgt-arm_20.2.5.LTS\lib\</path>
         <kind>archive</kind>
         <file>rtsv7M4_T_le_v4SPD16_eabi.lib</file>
         <name>fd_toi_t2.asm.obj</name>
      </input_file>
      <input_file id="fl-d2">
         <path>C:\ti\ccs1100\ccs\tools\compiler\ti-cgt-arm_20.2.5.LTS\lib\</path>
         <kind>archive</kind>
         <file>rtsv7M4_T_le_v4SPD16_eabi.lib</file>
         <name>i_tofd_t2.asm.obj</name>
      </input_file>
      <input_file id="fl-d3">
         <path>C:\ti\ccs1100\ccs\tools\compiler\ti-cgt-arm_20.2.5.LTS\lib\</path>
         <kind>archive</kind>
         <file>rtsv7M4_T_le_v4SPD16_eabi.lib</file>
         <name>memcpy_t2.asm.obj</name>
      </input_file>
      <input_file id="fl-d4">
         <path>C:\ti\ccs1100\ccs\tools\compiler\ti-cgt-arm_20.2.5.LTS\lib\</path>
         <kind>archive</kind>
         <file>rtsv7M4_T_le_v4SPD16_eabi.lib</file>
         <name>ull_div_t2.asm.obj</name>
      </input_file>
      <input_file id="fl-d5">
         <path>C:\ti\ccs1100\ccs\tools\compiler\ti-cgt-arm_20.2.5.LTS\lib\</path>
         <kind>archive</kind>
         <file>rtsv7M4_T_le_v4SPD16_eabi.lib</file>
         <name>memset_t2.asm.obj</name>
      </input_file>
      <input_file id="fl-d6">
         <path>C:\ti\ccs1100\ccs\tools\compiler\ti-cgt-arm_20.2.5.LTS\lib\</path>
         <kind>archive</kind>
         <file>rtsv7M4_T_le_v4SPD16_eabi.lib</file>
         <name>copy_zero_init.c.obj</name>
      </input_file>
      <input_file id="fl-d7">
         <path>C:\ti\ccs1100\ccs\tools\compiler\ti-cgt-arm_20.2.5.LTS\lib\</path>
         <kind>archive</kind>
         <file>rtsv7M4_T_le_v4SPD16_eabi.lib</file>
         <name>copy_decompress_none.c.obj</name>
      </input_file>
      <input_file id="fl-d8">
         <path>C:\ti\ccs1100\ccs\tools\compiler\ti-cgt-arm_20.2.5.LTS\lib\</path>
         <kind>archive</kind>
         <file>rtsv7M4_T_le_v4SPD16_eabi.lib</file>
         <name>copy_decompress_lzss.c.obj</name>
      </input_file>
      <input_file id="fl-d9">
         <path>C:\ti\ccs1100\ccs\tools\compiler\ti-cgt-arm_20.2.5.LTS\lib\</path>
         <kind>archive</kind>
         <file>rtsv7M4_T_le_v4SPD16_eabi.lib</file>
         <name>exit.c.obj</name>
      </input_file>
      <input_file id="fl-da">
         <path>C:\ti\ccs1100\ccs\tools\compiler\ti-cgt-arm_20.2.5.LTS\lib\</path>
         <kind>archive</kind>
         <file>rtsv7M4_T_le_v4SPD16_eabi.lib</file>
         <name>_lock.c.obj</name>
      </input_file>
      <input_file id="fl-db">
         <path>C:\ti\ccs1100\ccs\tools\compiler\ti-cgt-arm_20.2.5.LTS\lib\</path>
         <kind>archive</kind>
         <file>rtsv7M4_T_le_v4SPD16_eabi.lib</file>
         <name>_ltoa.c.obj</name>
      </input_file>
      <input_file id="fl-dc">
         <path>C:\ti\ccs1100\ccs\tools\compiler\ti-cgt-arm_20.2.5.LTS\lib\</path>
         <kind>archive</kind>
         <file>rtsv7M4_T_le_v4SPD16_eabi.lib</file>
         <name>atoi.c.obj</name>
      </input_file>
      <input_file id="fl-dd">
         <path>C:\ti\ccs1100\ccs\tools\compiler\ti-cgt-arm_20.2.5.LTS\lib\</path>
         <kind>archive</kind>
         <file>rtsv7M4_T_le_v4SPD16_eabi.lib</file>
         <name>ctype.c.obj</name>
      </input_file>
      <input_file id="fl-de">
         <path>C:\ti\ccs1100\ccs\tools\compiler\ti-cgt-arm_20.2.5.LTS\lib\</path>
         <kind>archive</kind>
         <file>rtsv7M4_T_le_v4SPD16_eabi.lib</file>
         <name>defs.c.obj</name>
      </input_file>
      <input_file id="fl-df">
         <path>C:\ti\ccs1100\ccs\tools\compiler\ti-cgt-arm_20.2.5.LTS\lib\</path>
         <kind>archive</kind>
         <file>rtsv7M4_T_le_v4SPD16_eabi.lib</file>
         <name>memccpy.c.obj</name>
      </input_file>
      <input_file id="fl-e0">
         <path>C:\ti\ccs1100\ccs\tools\compiler\ti-cgt-arm_20.2.5.LTS\lib\</path>
         <kind>archive</kind>
         <file>rtsv7M4_T_le_v4SPD16_eabi.lib</file>
         <name>memchr.c.obj</name>
      </input_file>
      <input_file id="fl-e1">
         <path>C:\ti\ccs1100\ccs\tools\compiler\ti-cgt-arm_20.2.5.LTS\lib\</path>
         <kind>archive</kind>
         <file>rtsv7M4_T_le_v4SPD16_eabi.lib</file>
         <name>memory.c.obj</name>
      </input_file>
      <input_file id="fl-e2">
         <path>C:\ti\ccs1100\ccs\tools\compiler\ti-cgt-arm_20.2.5.LTS\lib\</path>
         <kind>archive</kind>
         <file>rtsv7M4_T_le_v4SPD16_eabi.lib</file>
         <name>strchr.c.obj</name>
      </input_file>
      <input_file id="fl-e3">
         <path>C:\ti\ccs1100\ccs\tools\compiler\ti-cgt-arm_20.2.5.LTS\lib\</path>
         <kind>archive</kind>
         <file>rtsv7M4_T_le_v4SPD16_eabi.lib</file>
         <name>strlen.c.obj</name>
      </input_file>
      <input_file id="fl-e4">
         <path>C:\ti\ccs1100\ccs\tools\compiler\ti-cgt-arm_20.2.5.LTS\lib\</path>
         <kind>archive</kind>
         <file>rtsv7M4_T_le_v4SPD16_eabi.lib</file>
         <name>errno.c.obj</name>
      </input_file>
      <input_file id="fl-e5">
         <path>C:\ti\ccs1100\ccs\tools\compiler\ti-cgt-arm_20.2.5.LTS\lib\</path>
         <kind>archive</kind>
         <file>rtsv7M4_T_le_v4SPD16_eabi.lib</file>
         <name>boot_cortex_m.c.obj</name>
      </input_file>
      <input_file id="fl-e6">
         <path>C:\ti\ccs1100\ccs\tools\compiler\ti-cgt-arm_20.2.5.LTS\lib\</path>
         <kind>archive</kind>
         <file>rtsv7M4_T_le_v4SPD16_eabi.lib</file>
         <name>write.c.obj</name>
      </input_file>
      <input_file id="fl-e7">
         <path>C:\ti\ccs1100\ccs\tools\compiler\ti-cgt-arm_20.2.5.LTS\lib\</path>
         <kind>archive</kind>
         <file>rtsv7M4_T_le_v4SPD16_eabi.lib</file>
         <name>host_device.c.obj</name>
      </input_file>
      <input_file id="fl-e8">
         <path>C:\ti\ccs1100\ccs\tools\compiler\ti-cgt-arm_20.2.5.LTS\lib\</path>
         <kind>archive</kind>
         <file>rtsv7M4_T_le_v4SPD16_eabi.lib</file>
         <name>open.c.obj</name>
      </input_file>
      <input_file id="fl-e9">
         <path>C:\ti\ccs1100\ccs\tools\compiler\ti-cgt-arm_20.2.5.LTS\lib\</path>
         <kind>archive</kind>
         <file>rtsv7M4_T_le_v4SPD16_eabi.lib</file>
         <name>add_device.c.obj</name>
      </input_file>
      <input_file id="fl-ea">
         <path>C:\ti\ccs1100\ccs\tools\compiler\ti-cgt-arm_20.2.5.LTS\lib\</path>
         <kind>archive</kind>
         <file>rtsv7M4_T_le_v4SPD16_eabi.lib</file>
         <name>fclose.c.obj</name>
      </input_file>
      <input_file id="fl-eb">
         <path>C:\ti\ccs1100\ccs\tools\compiler\ti-cgt-arm_20.2.5.LTS\lib\</path>
         <kind>archive</kind>
         <file>rtsv7M4_T_le_v4SPD16_eabi.lib</file>
         <name>fflush.c.obj</name>
      </input_file>
      <input_file id="fl-ec">
         <path>C:\ti\ccs1100\ccs\tools\compiler\ti-cgt-arm_20.2.5.LTS\lib\</path>
         <kind>archive</kind>
         <file>rtsv7M4_T_le_v4SPD16_eabi.lib</file>
         <name>fseek.c.obj</name>
      </input_file>
      <input_file id="fl-ed">
         <path>C:\ti\ccs1100\ccs\tools\compiler\ti-cgt-arm_20.2.5.LTS\lib\</path>
         <kind>archive</kind>
         <file>rtsv7M4_T_le_v4SPD16_eabi.lib</file>
         <name>getdevice.c.obj</name>
      </input_file>
      <input_file id="fl-ee">
         <path>C:\ti\ccs1100\ccs\tools\compiler\ti-cgt-arm_20.2.5.LTS\lib\</path>
         <kind>archive</kind>
         <file>rtsv7M4_T_le_v4SPD16_eabi.lib</file>
         <name>s_copysign.c.obj</name>
      </input_file>
      <input_file id="fl-ef">
         <path>C:\ti\ccs1100\ccs\tools\compiler\ti-cgt-arm_20.2.5.LTS\lib\</path>
         <kind>archive</kind>
         <file>rtsv7M4_T_le_v4SPD16_eabi.lib</file>
         <name>div0.asm.obj</name>
      </input_file>
      <input_file id="fl-f0">
         <path>C:\ti\ccs1100\ccs\tools\compiler\ti-cgt-arm_20.2.5.LTS\lib\</path>
         <kind>archive</kind>
         <file>rtsv7M4_T_le_v4SPD16_eabi.lib</file>
         <name>autoinit.c.obj</name>
      </input_file>
      <input_file id="fl-f1">
         <path>C:\ti\ccs1100\ccs\tools\compiler\ti-cgt-arm_20.2.5.LTS\lib\</path>
         <kind>archive</kind>
         <file>rtsv7M4_T_le_v4SPD16_eabi.lib</file>
         <name>pre_init.c.obj</name>
      </input_file>
      <input_file id="fl-f2">
         <path>C:\ti\ccs1100\ccs\tools\compiler\ti-cgt-arm_20.2.5.LTS\lib\</path>
         <kind>archive</kind>
         <file>rtsv7M4_T_le_v4SPD16_eabi.lib</file>
         <name>cpy_tbl.c.obj</name>
      </input_file>
      <input_file id="fl-f3">
         <path>C:\ti\ccs1100\ccs\tools\compiler\ti-cgt-arm_20.2.5.LTS\lib\</path>
         <kind>archive</kind>
         <file>rtsv7M4_T_le_v4SPD16_eabi.lib</file>
         <name>args_main.c.obj</name>
      </input_file>
      <input_file id="fl-f4">
         <path>C:\ti\ccs1100\ccs\tools\compiler\ti-cgt-arm_20.2.5.LTS\lib\</path>
         <kind>archive</kind>
         <file>rtsv7M4_T_le_v4SPD16_eabi.lib</file>
         <name>strcmp.c.obj</name>
      </input_file>
      <input_file id="fl-f5">
         <path>C:\ti\ccs1100\ccs\tools\compiler\ti-cgt-arm_20.2.5.LTS\lib\</path>
         <kind>archive</kind>
         <file>rtsv7M4_T_le_v4SPD16_eabi.lib</file>
         <name>strncpy.c.obj</name>
      </input_file>
      <input_file id="fl-f6">
         <path>C:\ti\ccs1100\ccs\tools\compiler\ti-cgt-arm_20.2.5.LTS\lib\</path>
         <kind>archive</kind>
         <file>rtsv7M4_T_le_v4SPD16_eabi.lib</file>
         <name>hostclose.c.obj</name>
      </input_file>
      <input_file id="fl-f7">
         <path>C:\ti\ccs1100\ccs\tools\compiler\ti-cgt-arm_20.2.5.LTS\lib\</path>
         <kind>archive</kind>
         <file>rtsv7M4_T_le_v4SPD16_eabi.lib</file>
         <name>hostlseek.c.obj</name>
      </input_file>
      <input_file id="fl-f8">
         <path>C:\ti\ccs1100\ccs\tools\compiler\ti-cgt-arm_20.2.5.LTS\lib\</path>
         <kind>archive</kind>
         <file>rtsv7M4_T_le_v4SPD16_eabi.lib</file>
         <name>hostopen.c.obj</name>
      </input_file>
      <input_file id="fl-f9">
         <path>C:\ti\ccs1100\ccs\tools\compiler\ti-cgt-arm_20.2.5.LTS\lib\</path>
         <kind>archive</kind>
         <file>rtsv7M4_T_le_v4SPD16_eabi.lib</file>
         <name>hostread.c.obj</name>
      </input_file>
      <input_file id="fl-fa">
         <path>C:\ti\ccs1100\ccs\tools\compiler\ti-cgt-arm_20.2.5.LTS\lib\</path>
         <kind>archive</kind>
         <file>rtsv7M4_T_le_v4SPD16_eabi.lib</file>
         <name>hostrename.c.obj</name>
      </input_file>
      <input_file id="fl-fb">
         <path>C:\ti\ccs1100\ccs\tools\compiler\ti-cgt-arm_20.2.5.LTS\lib\</path>
         <kind>archive</kind>
         <file>rtsv7M4_T_le_v4SPD16_eabi.lib</file>
         <name>hostunlink.c.obj</name>
      </input_file>
      <input_file id="fl-fc">
         <path>C:\ti\ccs1100\ccs\tools\compiler\ti-cgt-arm_20.2.5.LTS\lib\</path>
         <kind>archive</kind>
         <file>rtsv7M4_T_le_v4SPD16_eabi.lib</file>
         <name>hostwrite.c.obj</name>
      </input_file>
      <input_file id="fl-fd">
         <path>C:\ti\ccs1100\ccs\tools\compiler\ti-cgt-arm_20.2.5.LTS\lib\</path>
         <kind>archive</kind>
         <file>rtsv7M4_T_le_v4SPD16_eabi.lib</file>
         <name>trgmsg.c.obj</name>
      </input_file>
      <input_file id="fl-fe">
         <path>C:\ti\ccs1100\ccs\tools\compiler\ti-cgt-arm_20.2.5.LTS\lib\</path>
         <kind>archive</kind>
         <file>rtsv7M4_T_le_v4SPD16_eabi.lib</file>
         <name>remove.c.obj</name>
      </input_file>
      <input_file id="fl-ff">
         <path>C:\ti\ccs1100\ccs\tools\compiler\ti-cgt-arm_20.2.5.LTS\lib\</path>
         <kind>archive</kind>
         <file>rtsv7M4_T_le_v4SPD16_eabi.lib</file>
         <name>lseek.c.obj</name>
      </input_file>
      <input_file id="fl-100">
         <path>C:\ti\ccs1100\ccs\tools\compiler\ti-cgt-arm_20.2.5.LTS\lib\</path>
         <kind>archive</kind>
         <file>rtsv7M4_T_le_v4SPD16_eabi.lib</file>
         <name>close.c.obj</name>
      </input_file>
      <input_file id="fl-101">
         <path>C:\ti\ccs1100\ccs\tools\compiler\ti-cgt-arm_20.2.5.LTS\lib\</path>
         <kind>archive</kind>
         <file>rtsv7M4_T_le_v4SPD16_eabi.lib</file>
         <name>strcpy.c.obj</name>
      </input_file>
      <input_file id="fl-102">
         <path>C:\ti\ccs1100\ccs\tools\compiler\ti-cgt-arm_20.2.5.LTS\lib\</path>
         <kind>archive</kind>
         <file>rtsv7M4_T_le_v4SPD16_eabi.lib</file>
         <name>unlink.c.obj</name>
      </input_file>
   </input_file_list>
   <object_component_list>
      <object_component id="oc-26">
         <name>.intvecs:retain</name>
         <load_address>0x0</load_address>
         <run_address>0x0</run_address>
         <size>0xe4</size>
         <input_file_ref idref="fl-8"/>
      </object_component>
      <object_component id="oc-178">
         <name>.text:__TI_printfi</name>
         <load_address>0xe4</load_address>
         <run_address>0xe4</run_address>
         <size>0xa4e</size>
         <input_file_ref idref="fl-c4"/>
      </object_component>
      <object_component id="oc-260">
         <name>.text:_nop</name>
         <load_address>0xb32</load_address>
         <run_address>0xb32</run_address>
         <size>0x2</size>
         <input_file_ref idref="fl-da"/>
      </object_component>
      <object_component id="oc-d6">
         <name>.text</name>
         <load_address>0xb34</load_address>
         <run_address>0xb34</run_address>
         <size>0x6bc</size>
         <input_file_ref idref="fl-6"/>
      </object_component>
      <object_component id="oc-ac">
         <name>.text</name>
         <load_address>0x11f0</load_address>
         <run_address>0x11f0</run_address>
         <size>0x334</size>
         <input_file_ref idref="fl-9"/>
      </object_component>
      <object_component id="oc-23c">
         <name>.text:_pconv_a</name>
         <load_address>0x1524</load_address>
         <run_address>0x1524</run_address>
         <size>0x270</size>
         <input_file_ref idref="fl-c4"/>
      </object_component>
      <object_component id="oc-9a">
         <name>.text</name>
         <load_address>0x1794</load_address>
         <run_address>0x1794</run_address>
         <size>0x260</size>
         <input_file_ref idref="fl-7"/>
      </object_component>
      <object_component id="oc-ee">
         <name>.text</name>
         <load_address>0x19f4</load_address>
         <run_address>0x19f4</run_address>
         <size>0x228</size>
         <input_file_ref idref="fl-4"/>
      </object_component>
      <object_component id="oc-e2">
         <name>.text</name>
         <load_address>0x1c1c</load_address>
         <run_address>0x1c1c</run_address>
         <size>0x1ec</size>
         <input_file_ref idref="fl-5"/>
      </object_component>
      <object_component id="oc-dc">
         <name>.text</name>
         <load_address>0x1e08</load_address>
         <run_address>0x1e08</run_address>
         <size>0x1e0</size>
         <input_file_ref idref="fl-2"/>
      </object_component>
      <object_component id="oc-22a">
         <name>.text:_pconv_g</name>
         <load_address>0x1fe8</load_address>
         <run_address>0x1fe8</run_address>
         <size>0x1d0</size>
         <input_file_ref idref="fl-c4"/>
      </object_component>
      <object_component id="oc-340">
         <name>.text</name>
         <load_address>0x21b8</load_address>
         <run_address>0x21b8</run_address>
         <size>0x1b6</size>
         <input_file_ref idref="fl-cd"/>
      </object_component>
      <object_component id="oc-40a">
         <name>.text</name>
         <load_address>0x236e</load_address>
         <run_address>0x236e</run_address>
         <size>0x2</size>
         <input_file_ref idref="fl-ef"/>
      </object_component>
      <object_component id="oc-e8">
         <name>.text</name>
         <load_address>0x2370</load_address>
         <run_address>0x2370</run_address>
         <size>0x16c</size>
         <input_file_ref idref="fl-3"/>
      </object_component>
      <object_component id="oc-236">
         <name>.text:_pconv_e</name>
         <load_address>0x24dc</load_address>
         <run_address>0x24dc</run_address>
         <size>0x13c</size>
         <input_file_ref idref="fl-c4"/>
      </object_component>
      <object_component id="oc-326">
         <name>.text</name>
         <load_address>0x2618</load_address>
         <run_address>0x2618</run_address>
         <size>0x136</size>
         <input_file_ref idref="fl-cf"/>
      </object_component>
      <object_component id="oc-352">
         <name>.text:fcvt</name>
         <load_address>0x2750</load_address>
         <run_address>0x2750</run_address>
         <size>0x124</size>
         <input_file_ref idref="fl-c4"/>
      </object_component>
      <object_component id="oc-26a">
         <name>.text:fputs</name>
         <load_address>0x2874</load_address>
         <run_address>0x2874</run_address>
         <size>0x114</size>
         <input_file_ref idref="fl-c7"/>
      </object_component>
      <object_component id="oc-1d8">
         <name>.text:_openfile</name>
         <load_address>0x2988</load_address>
         <run_address>0x2988</run_address>
         <size>0x110</size>
         <input_file_ref idref="fl-c5"/>
      </object_component>
      <object_component id="oc-366">
         <name>.text:scalbn</name>
         <load_address>0x2a98</load_address>
         <run_address>0x2a98</run_address>
         <size>0x110</size>
         <input_file_ref idref="fl-cb"/>
      </object_component>
      <object_component id="oc-306">
         <name>.text:aligned_alloc</name>
         <load_address>0x2ba8</load_address>
         <run_address>0x2ba8</run_address>
         <size>0x100</size>
         <input_file_ref idref="fl-e1"/>
      </object_component>
      <object_component id="oc-321">
         <name>.text</name>
         <load_address>0x2ca8</load_address>
         <run_address>0x2ca8</run_address>
         <size>0xfc</size>
         <input_file_ref idref="fl-d0"/>
      </object_component>
      <object_component id="oc-1eb">
         <name>.text:free</name>
         <load_address>0x2da4</load_address>
         <run_address>0x2da4</run_address>
         <size>0xe4</size>
         <input_file_ref idref="fl-e1"/>
      </object_component>
      <object_component id="oc-15e">
         <name>.text:setvbuf</name>
         <load_address>0x2e88</load_address>
         <run_address>0x2e88</run_address>
         <size>0xdc</size>
         <input_file_ref idref="fl-c9"/>
      </object_component>
      <object_component id="oc-2d9">
         <name>.text:open</name>
         <load_address>0x2f64</load_address>
         <run_address>0x2f64</run_address>
         <size>0xbc</size>
         <input_file_ref idref="fl-e8"/>
      </object_component>
      <object_component id="oc-14c">
         <name>.text:add_device</name>
         <load_address>0x3020</load_address>
         <run_address>0x3020</run_address>
         <size>0xb8</size>
         <input_file_ref idref="fl-e9"/>
      </object_component>
      <object_component id="oc-21f">
         <name>.text:_ltostr</name>
         <load_address>0x30d8</load_address>
         <run_address>0x30d8</run_address>
         <size>0xb1</size>
         <input_file_ref idref="fl-c4"/>
      </object_component>
      <object_component id="oc-152">
         <name>.text:fopen</name>
         <load_address>0x318c</load_address>
         <run_address>0x318c</run_address>
         <size>0x9c</size>
         <input_file_ref idref="fl-c5"/>
      </object_component>
      <object_component id="oc-3a">
         <name>.text</name>
         <load_address>0x3228</load_address>
         <run_address>0x3228</run_address>
         <size>0x9c</size>
         <input_file_ref idref="fl-d3"/>
      </object_component>
      <object_component id="oc-31a">
         <name>.text</name>
         <load_address>0x32c4</load_address>
         <run_address>0x32c4</run_address>
         <size>0x96</size>
         <input_file_ref idref="fl-d4"/>
      </object_component>
      <object_component id="oc-271">
         <name>.text:fputc</name>
         <load_address>0x335c</load_address>
         <run_address>0x335c</run_address>
         <size>0x8c</size>
         <input_file_ref idref="fl-c6"/>
      </object_component>
      <object_component id="oc-225">
         <name>.text:__aeabi_cdcmple</name>
         <load_address>0x33e8</load_address>
         <run_address>0x33e8</run_address>
         <size>0x86</size>
         <input_file_ref idref="fl-ce"/>
      </object_component>
      <object_component id="oc-32b">
         <name>.text:__aeabi_cdrcmple</name>
         <load_address>0x346e</load_address>
         <run_address>0x346e</run_address>
         <size>0x86</size>
         <input_file_ref idref="fl-ce"/>
      </object_component>
      <object_component id="oc-8e">
         <name>.text</name>
         <load_address>0x34f4</load_address>
         <run_address>0x34f4</run_address>
         <size>0x7a</size>
         <input_file_ref idref="fl-d5"/>
      </object_component>
      <object_component id="oc-1e4">
         <name>.text:__TI_closefile</name>
         <load_address>0x3570</load_address>
         <run_address>0x3570</run_address>
         <size>0x74</size>
         <input_file_ref idref="fl-ea"/>
      </object_component>
      <object_component id="oc-3fa">
         <name>.text:split</name>
         <load_address>0x35e4</load_address>
         <run_address>0x35e4</run_address>
         <size>0x70</size>
         <input_file_ref idref="fl-e1"/>
      </object_component>
      <object_component id="oc-34b">
         <name>.text:_mcpy</name>
         <load_address>0x3654</load_address>
         <run_address>0x3654</run_address>
         <size>0x6e</size>
         <input_file_ref idref="fl-c4"/>
      </object_component>
      <object_component id="oc-2c4">
         <name>.text:HOSTrename</name>
         <load_address>0x36c4</load_address>
         <run_address>0x36c4</run_address>
         <size>0x6c</size>
         <input_file_ref idref="fl-fa"/>
      </object_component>
      <object_component id="oc-2b8">
         <name>.text:HOSTlseek</name>
         <load_address>0x3730</load_address>
         <run_address>0x3730</run_address>
         <size>0x68</size>
         <input_file_ref idref="fl-f7"/>
      </object_component>
      <object_component id="oc-17">
         <name>.text:decompress:lzss:__TI_decompress_lzss</name>
         <load_address>0x3798</load_address>
         <run_address>0x3798</run_address>
         <size>0x68</size>
         <input_file_ref idref="fl-d8"/>
      </object_component>
      <object_component id="oc-f4">
         <name>.text:printf</name>
         <load_address>0x3800</load_address>
         <run_address>0x3800</run_address>
         <size>0x68</size>
         <input_file_ref idref="fl-c3"/>
      </object_component>
      <object_component id="oc-360">
         <name>.text:frexp</name>
         <load_address>0x3868</load_address>
         <run_address>0x3868</run_address>
         <size>0x64</size>
         <input_file_ref idref="fl-ca"/>
      </object_component>
      <object_component id="oc-43f">
         <name>.text:fseek</name>
         <load_address>0x38cc</load_address>
         <run_address>0x38cc</run_address>
         <size>0x64</size>
         <input_file_ref idref="fl-ec"/>
      </object_component>
      <object_component id="oc-390">
         <name>.text:__TI_wrt_ok</name>
         <load_address>0x3930</load_address>
         <run_address>0x3930</run_address>
         <size>0x62</size>
         <input_file_ref idref="fl-c8"/>
      </object_component>
      <object_component id="oc-2a0">
         <name>.text:HOSTopen</name>
         <load_address>0x3994</load_address>
         <run_address>0x3994</run_address>
         <size>0x60</size>
         <input_file_ref idref="fl-f8"/>
      </object_component>
      <object_component id="oc-2ea">
         <name>.text:close</name>
         <load_address>0x39f4</load_address>
         <run_address>0x39f4</run_address>
         <size>0x5c</size>
         <input_file_ref idref="fl-100"/>
      </object_component>
      <object_component id="oc-2ac">
         <name>.text:HOSTread</name>
         <load_address>0x3a50</load_address>
         <run_address>0x3a50</run_address>
         <size>0x58</size>
         <input_file_ref idref="fl-f9"/>
      </object_component>
      <object_component id="oc-2b2">
         <name>.text:HOSTwrite</name>
         <load_address>0x3aa8</load_address>
         <run_address>0x3aa8</run_address>
         <size>0x58</size>
         <input_file_ref idref="fl-fc"/>
      </object_component>
      <object_component id="oc-230">
         <name>.text:_pconv_f</name>
         <load_address>0x3b00</load_address>
         <run_address>0x3b00</run_address>
         <size>0x56</size>
         <input_file_ref idref="fl-c4"/>
      </object_component>
      <object_component id="oc-335">
         <name>.text:__TI_ltoa</name>
         <load_address>0x3b56</load_address>
         <run_address>0x3b56</run_address>
         <size>0x54</size>
         <input_file_ref idref="fl-db"/>
      </object_component>
      <object_component id="oc-345">
         <name>.text:_ecpy</name>
         <load_address>0x3baa</load_address>
         <run_address>0x3baa</run_address>
         <size>0x52</size>
         <input_file_ref idref="fl-c4"/>
      </object_component>
      <object_component id="oc-2e4">
         <name>.text:__TI_doflush</name>
         <load_address>0x3bfc</load_address>
         <run_address>0x3bfc</run_address>
         <size>0x4c</size>
         <input_file_ref idref="fl-eb"/>
      </object_component>
      <object_component id="oc-219">
         <name>.text:atoi</name>
         <load_address>0x3c48</load_address>
         <run_address>0x3c48</run_address>
         <size>0x4c</size>
         <input_file_ref idref="fl-dc"/>
      </object_component>
      <object_component id="oc-106">
         <name>.text:exit</name>
         <load_address>0x3c94</load_address>
         <run_address>0x3c94</run_address>
         <size>0x48</size>
         <input_file_ref idref="fl-d9"/>
      </object_component>
      <object_component id="oc-330">
         <name>.text</name>
         <load_address>0x3cdc</load_address>
         <run_address>0x3cdc</run_address>
         <size>0x48</size>
         <input_file_ref idref="fl-d1"/>
      </object_component>
      <object_component id="oc-2a6">
         <name>.text:HOSTclose</name>
         <load_address>0x3d24</load_address>
         <run_address>0x3d24</run_address>
         <size>0x44</size>
         <input_file_ref idref="fl-f6"/>
      </object_component>
      <object_component id="oc-2be">
         <name>.text:HOSTunlink</name>
         <load_address>0x3d68</load_address>
         <run_address>0x3d68</run_address>
         <size>0x44</size>
         <input_file_ref idref="fl-fb"/>
      </object_component>
      <object_component id="oc-10c">
         <name>.text:__TI_auto_init_nobinit_nopinit:__TI_auto_init_nobinit_nopinit</name>
         <load_address>0x3dac</load_address>
         <run_address>0x3dac</run_address>
         <size>0x44</size>
         <input_file_ref idref="fl-f0"/>
      </object_component>
      <object_component id="oc-3e1">
         <name>.text:getdevice</name>
         <load_address>0x3df0</load_address>
         <run_address>0x3df0</run_address>
         <size>0x44</size>
         <input_file_ref idref="fl-ed"/>
      </object_component>
      <object_component id="oc-358">
         <name>.text:_fcpy</name>
         <load_address>0x3e34</load_address>
         <run_address>0x3e34</run_address>
         <size>0x3e</size>
         <input_file_ref idref="fl-c4"/>
      </object_component>
      <object_component id="oc-3b8">
         <name>.text:__TI_writemsg</name>
         <load_address>0x3e74</load_address>
         <run_address>0x3e74</run_address>
         <size>0x38</size>
         <input_file_ref idref="fl-fd"/>
      </object_component>
      <object_component id="oc-1cc">
         <name>.text:strncpy</name>
         <load_address>0x3eac</load_address>
         <run_address>0x3eac</run_address>
         <size>0x36</size>
         <input_file_ref idref="fl-f5"/>
      </object_component>
      <object_component id="oc-1f7">
         <name>.text:__TI_cleanup</name>
         <load_address>0x3ee4</load_address>
         <run_address>0x3ee4</run_address>
         <size>0x34</size>
         <input_file_ref idref="fl-c5"/>
      </object_component>
      <object_component id="oc-3be">
         <name>.text:__TI_readmsg</name>
         <load_address>0x3f18</load_address>
         <run_address>0x3f18</run_address>
         <size>0x34</size>
         <input_file_ref idref="fl-fd"/>
      </object_component>
      <object_component id="oc-58">
         <name>.text:_c_int00_noargs:_c_int00_noargs</name>
         <load_address>0x3f4c</load_address>
         <run_address>0x3f4c</run_address>
         <size>0x34</size>
         <input_file_ref idref="fl-e5"/>
      </object_component>
      <object_component id="oc-158">
         <name>.text:freopen</name>
         <load_address>0x3f80</load_address>
         <run_address>0x3f80</run_address>
         <size>0x34</size>
         <input_file_ref idref="fl-c5"/>
      </object_component>
      <object_component id="oc-1c6">
         <name>.text:finddevice</name>
         <load_address>0x3fb4</load_address>
         <run_address>0x3fb4</run_address>
         <size>0x30</size>
         <input_file_ref idref="fl-ed"/>
      </object_component>
      <object_component id="oc-33b">
         <name>.text</name>
         <load_address>0x3fe4</load_address>
         <run_address>0x3fe4</run_address>
         <size>0x2e</size>
         <input_file_ref idref="fl-d2"/>
      </object_component>
      <object_component id="oc-2f0">
         <name>.text:unlink</name>
         <load_address>0x4014</load_address>
         <run_address>0x4014</run_address>
         <size>0x2c</size>
         <input_file_ref idref="fl-102"/>
      </object_component>
      <object_component id="oc-2ff">
         <name>.text:free_list_insert</name>
         <load_address>0x4040</load_address>
         <run_address>0x4040</run_address>
         <size>0x28</size>
         <input_file_ref idref="fl-e1"/>
      </object_component>
      <object_component id="oc-485">
         <name>.text:lseek</name>
         <load_address>0x4068</load_address>
         <run_address>0x4068</run_address>
         <size>0x28</size>
         <input_file_ref idref="fl-ff"/>
      </object_component>
      <object_component id="oc-39c">
         <name>.text:write</name>
         <load_address>0x4090</load_address>
         <run_address>0x4090</run_address>
         <size>0x28</size>
         <input_file_ref idref="fl-e6"/>
      </object_component>
      <object_component id="oc-396">
         <name>.text:memchr</name>
         <load_address>0x40b8</load_address>
         <run_address>0x40b8</run_address>
         <size>0x20</size>
         <input_file_ref idref="fl-e0"/>
      </object_component>
      <object_component id="oc-46">
         <name>.text:decompress:ZI:__TI_zero_init_nomemset:__TI_zero_init_nomemset</name>
         <load_address>0x40d8</load_address>
         <run_address>0x40d8</run_address>
         <size>0x1c</size>
         <input_file_ref idref="fl-d6"/>
      </object_component>
      <object_component id="oc-2f9">
         <name>.text:free_list_remove</name>
         <load_address>0x40f4</load_address>
         <run_address>0x40f4</run_address>
         <size>0x1c</size>
         <input_file_ref idref="fl-e1"/>
      </object_component>
      <object_component id="oc-242">
         <name>.text:memccpy</name>
         <load_address>0x4110</load_address>
         <run_address>0x4110</run_address>
         <size>0x1c</size>
         <input_file_ref idref="fl-df"/>
      </object_component>
      <object_component id="oc-423">
         <name>.text:copysign</name>
         <load_address>0x412c</load_address>
         <run_address>0x412c</run_address>
         <size>0x1a</size>
         <input_file_ref idref="fl-ee"/>
      </object_component>
      <object_component id="oc-296">
         <name>.text:strcmp</name>
         <load_address>0x4146</load_address>
         <run_address>0x4146</run_address>
         <size>0x18</size>
         <input_file_ref idref="fl-f4"/>
      </object_component>
      <object_component id="oc-36c">
         <name>.text:strchr</name>
         <load_address>0x415e</load_address>
         <run_address>0x415e</run_address>
         <size>0x16</size>
         <input_file_ref idref="fl-e2"/>
      </object_component>
      <object_component id="oc-3d2">
         <name>.text:strcpy</name>
         <load_address>0x4174</load_address>
         <run_address>0x4174</run_address>
         <size>0x14</size>
         <input_file_ref idref="fl-101"/>
      </object_component>
      <object_component id="oc-213">
         <name>.text:strlen</name>
         <load_address>0x4188</load_address>
         <run_address>0x4188</run_address>
         <size>0x14</size>
         <input_file_ref idref="fl-e3"/>
      </object_component>
      <object_component id="oc-248">
         <name>.text:wcslen</name>
         <load_address>0x419c</load_address>
         <run_address>0x419c</run_address>
         <size>0x12</size>
         <input_file_ref idref="fl-cc"/>
      </object_component>
      <object_component id="oc-1d">
         <name>.text:decompress:none:__TI_decompress_none</name>
         <load_address>0x41ae</load_address>
         <run_address>0x41ae</run_address>
         <size>0xe</size>
         <input_file_ref idref="fl-d7"/>
      </object_component>
      <object_component id="oc-6a">
         <name>.text</name>
         <load_address>0x41bc</load_address>
         <run_address>0x41bc</run_address>
         <size>0xe</size>
         <input_file_ref idref="fl-8"/>
      </object_component>
      <object_component id="oc-24e">
         <name>.text:__aeabi_errno_addr</name>
         <load_address>0x41cc</load_address>
         <run_address>0x41cc</run_address>
         <size>0x8</size>
         <input_file_ref idref="fl-e4"/>
      </object_component>
      <object_component id="oc-1f1">
         <name>.text:malloc</name>
         <load_address>0x41d4</load_address>
         <run_address>0x41d4</run_address>
         <size>0x8</size>
         <input_file_ref idref="fl-e1"/>
      </object_component>
      <object_component id="oc-187">
         <name>.text:_outc</name>
         <load_address>0x41dc</load_address>
         <run_address>0x41dc</run_address>
         <size>0x4</size>
         <input_file_ref idref="fl-c3"/>
      </object_component>
      <object_component id="oc-181">
         <name>.text:_outs</name>
         <load_address>0x41e0</load_address>
         <run_address>0x41e0</run_address>
         <size>0x4</size>
         <input_file_ref idref="fl-c3"/>
      </object_component>
      <object_component id="oc-94">
         <name>.text:_system_pre_init</name>
         <load_address>0x41e4</load_address>
         <run_address>0x41e4</run_address>
         <size>0x4</size>
         <input_file_ref idref="fl-f1"/>
      </object_component>
      <object_component id="oc-100">
         <name>.text:abort:abort</name>
         <load_address>0x41e8</load_address>
         <run_address>0x41e8</run_address>
         <size>0x4</size>
         <input_file_ref idref="fl-d9"/>
      </object_component>
      <object_component id="oc-315">
         <name>.const:.string:_ctypes_</name>
         <load_address>0x41ec</load_address>
         <run_address>0x41ec</run_address>
         <size>0x101</size>
         <input_file_ref idref="fl-dd"/>
      </object_component>
      <object_component id="oc-171">
         <name>.const:$P$T0$1</name>
         <load_address>0x42f0</load_address>
         <run_address>0x42f0</run_address>
         <size>0x20</size>
         <input_file_ref idref="fl-5"/>
      </object_component>
      <object_component id="oc-4ce">
         <name>.cinit..data.load</name>
         <load_address>0x4310</load_address>
         <run_address>0x4310</run_address>
         <size>0x6f</size>
      </object_component>
      <object_component id="oc-4cc">
         <name>__TI_handler_table</name>
         <load_address>0x4380</load_address>
         <run_address>0x4380</run_address>
         <size>0xc</size>
      </object_component>
      <object_component id="oc-4cf">
         <name>.cinit..bss.load</name>
         <load_address>0x4390</load_address>
         <run_address>0x4390</run_address>
         <size>0x8</size>
      </object_component>
      <object_component id="oc-4cd">
         <name>__TI_cinit_table</name>
         <load_address>0x4398</load_address>
         <run_address>0x4398</run_address>
         <size>0x10</size>
      </object_component>
      <object_component id="oc-4a0">
         <name>.binit</name>
         <load_address>0x0</load_address>
         <run_address>0x0</run_address>
         <size>0x0</size>
      </object_component>
      <object_component id="oc-16d">
         <name>.data</name>
         <load_address>0x200005b8</load_address>
         <run_address>0x200005b8</run_address>
         <size>0x18</size>
         <input_file_ref idref="fl-2"/>
      </object_component>
      <object_component id="oc-13e">
         <name>.data</name>
         <load_address>0x2000060c</load_address>
         <run_address>0x2000060c</run_address>
         <size>0x4</size>
         <input_file_ref idref="fl-9"/>
      </object_component>
      <object_component id="oc-1de">
         <name>.data</name>
         <load_address>0x20000604</load_address>
         <run_address>0x20000604</run_address>
         <size>0x4</size>
         <input_file_ref idref="fl-c5"/>
      </object_component>
      <object_component id="oc-195">
         <name>.data:$O1$$</name>
         <load_address>0x200005e0</load_address>
         <run_address>0x200005e0</run_address>
         <size>0xc</size>
         <input_file_ref idref="fl-d9"/>
      </object_component>
      <object_component id="oc-17e">
         <name>.data:$O1$$</name>
         <load_address>0x200005ec</load_address>
         <run_address>0x200005ec</run_address>
         <size>0x8</size>
         <input_file_ref idref="fl-da"/>
      </object_component>
      <object_component id="oc-164">
         <name>.data:_ftable</name>
         <load_address>0x20000400</load_address>
         <run_address>0x20000400</run_address>
         <size>0xf0</size>
         <input_file_ref idref="fl-de"/>
      </object_component>
      <object_component id="oc-1df">
         <name>.data</name>
         <load_address>0x200005d0</load_address>
         <run_address>0x200005d0</run_address>
         <size>0x10</size>
         <input_file_ref idref="fl-de"/>
      </object_component>
      <object_component id="oc-3f5">
         <name>.data:$O1$$</name>
         <load_address>0x200005f4</load_address>
         <run_address>0x200005f4</run_address>
         <size>0x8</size>
         <input_file_ref idref="fl-e1"/>
      </object_component>
      <object_component id="oc-37c">
         <name>.data</name>
         <load_address>0x20000600</load_address>
         <run_address>0x20000600</run_address>
         <size>0x4</size>
         <input_file_ref idref="fl-e4"/>
      </object_component>
      <object_component id="oc-1d3">
         <name>.data:_device</name>
         <load_address>0x200004f0</load_address>
         <run_address>0x200004f0</run_address>
         <size>0x78</size>
         <input_file_ref idref="fl-e7"/>
      </object_component>
      <object_component id="oc-3e8">
         <name>.data:_stream</name>
         <load_address>0x20000568</load_address>
         <run_address>0x20000568</run_address>
         <size>0x50</size>
         <input_file_ref idref="fl-e7"/>
      </object_component>
      <object_component id="oc-3e7">
         <name>.data</name>
         <load_address>0x20000608</load_address>
         <run_address>0x20000608</run_address>
         <size>0x4</size>
         <input_file_ref idref="fl-e8"/>
      </object_component>
      <object_component id="oc-1d2">
         <name>.data</name>
         <load_address>0x200005fc</load_address>
         <run_address>0x200005fc</run_address>
         <size>0x4</size>
         <input_file_ref idref="fl-e9"/>
      </object_component>
      <object_component id="oc-450">
         <name>.bss:_CIOBUF_</name>
         <uninitialized>true</uninitialized>
         <run_address>0x20000610</run_address>
         <size>0x120</size>
         <input_file_ref idref="fl-fd"/>
      </object_component>
      <object_component id="oc-14b">
         <name>.common:Messageindexb</name>
         <uninitialized>true</uninitialized>
         <run_address>0x200007e0</run_address>
         <size>0x4</size>
      </object_component>
      <object_component id="oc-148">
         <name>.common:Messageb</name>
         <uninitialized>true</uninitialized>
         <run_address>0x200007d0</run_address>
         <size>0x8</size>
      </object_component>
      <object_component id="oc-2f6">
         <name>.common:__TI_tmpnams</name>
         <uninitialized>true</uninitialized>
         <run_address>0x20000730</run_address>
         <size>0xa0</size>
      </object_component>
      <object_component id="oc-3c4">
         <name>.common:parmbuf</name>
         <uninitialized>true</uninitialized>
         <run_address>0x200007d8</run_address>
         <size>0x8</size>
      </object_component>
      <object_component id="oc-29">
         <name>.sysmem</name>
         <uninitialized>true</uninitialized>
         <run_address>0x20000000</run_address>
         <size>0x10</size>
         <input_file_ref idref="fl-e1"/>
      </object_component>
      <object_component id="oc-4d2">
         <name>.sysmem</name>
         <uninitialized>true</uninitialized>
         <run_address>0x20000000</run_address>
         <size>0x0</size>
      </object_component>
      <object_component id="oc-2c">
         <name>.stack</name>
         <uninitialized>true</uninitialized>
         <run_address>0x2000fe00</run_address>
         <size>0x4</size>
         <input_file_ref idref="fl-e5"/>
      </object_component>
      <object_component id="oc-4d1">
         <name>.stack</name>
         <uninitialized>true</uninitialized>
         <run_address>0x2000fe00</run_address>
         <size>0x0</size>
      </object_component>
      <object_component id="oc-147">
         <name>.debug_info</name>
         <load_address>0x0</load_address>
         <run_address>0x0</run_address>
         <size>0x52a</size>
         <input_file_ref idref="fl-2"/>
      </object_component>
      <object_component id="oc-16e">
         <name>.debug_info</name>
         <load_address>0x52a</load_address>
         <run_address>0x52a</run_address>
         <size>0x186</size>
         <input_file_ref idref="fl-2"/>
      </object_component>
      <object_component id="oc-dd">
         <name>.debug_info</name>
         <load_address>0x6b0</load_address>
         <run_address>0x6b0</run_address>
         <size>0x2aa</size>
         <input_file_ref idref="fl-2"/>
      </object_component>
      <object_component id="oc-1b5">
         <name>.debug_info</name>
         <load_address>0x95a</load_address>
         <run_address>0x95a</run_address>
         <size>0x37e2</size>
         <input_file_ref idref="fl-2"/>
      </object_component>
      <object_component id="oc-b5">
         <name>.debug_info</name>
         <load_address>0x413c</load_address>
         <run_address>0x413c</run_address>
         <size>0x26b</size>
         <input_file_ref idref="fl-2"/>
      </object_component>
      <object_component id="oc-1ba">
         <name>.debug_info</name>
         <load_address>0x43a7</load_address>
         <run_address>0x43a7</run_address>
         <size>0x1055</size>
         <input_file_ref idref="fl-2"/>
      </object_component>
      <object_component id="oc-35">
         <name>.debug_info</name>
         <load_address>0x53fc</load_address>
         <run_address>0x53fc</run_address>
         <size>0x84</size>
         <input_file_ref idref="fl-2"/>
      </object_component>
      <object_component id="oc-142">
         <name>.debug_info</name>
         <load_address>0x5480</load_address>
         <run_address>0x5480</run_address>
         <size>0x2a4</size>
         <input_file_ref idref="fl-2"/>
      </object_component>
      <object_component id="oc-fb">
         <name>.debug_info</name>
         <load_address>0x5724</load_address>
         <run_address>0x5724</run_address>
         <size>0xbb</size>
         <input_file_ref idref="fl-2"/>
      </object_component>
      <object_component id="oc-e9">
         <name>.debug_info</name>
         <load_address>0x57df</load_address>
         <run_address>0x57df</run_address>
         <size>0x46c</size>
         <input_file_ref idref="fl-3"/>
      </object_component>
      <object_component id="oc-f2">
         <name>.debug_info</name>
         <load_address>0x5c4b</load_address>
         <run_address>0x5c4b</run_address>
         <size>0x46d</size>
         <input_file_ref idref="fl-4"/>
      </object_component>
      <object_component id="oc-175">
         <name>.debug_info</name>
         <load_address>0x60b8</load_address>
         <run_address>0x60b8</run_address>
         <size>0x5a2</size>
         <input_file_ref idref="fl-5"/>
      </object_component>
      <object_component id="oc-172">
         <name>.debug_info</name>
         <load_address>0x665a</load_address>
         <run_address>0x665a</run_address>
         <size>0xd6</size>
         <input_file_ref idref="fl-5"/>
      </object_component>
      <object_component id="oc-e4">
         <name>.debug_info</name>
         <load_address>0x6730</load_address>
         <run_address>0x6730</run_address>
         <size>0x4d8</size>
         <input_file_ref idref="fl-5"/>
      </object_component>
      <object_component id="oc-20e">
         <name>.debug_info</name>
         <load_address>0x6c08</load_address>
         <run_address>0x6c08</run_address>
         <size>0x37e2</size>
         <input_file_ref idref="fl-5"/>
      </object_component>
      <object_component id="oc-149">
         <name>.debug_info</name>
         <load_address>0xa3ea</load_address>
         <run_address>0xa3ea</run_address>
         <size>0x777</size>
         <input_file_ref idref="fl-6"/>
      </object_component>
      <object_component id="oc-d7">
         <name>.debug_info</name>
         <load_address>0xab61</load_address>
         <run_address>0xab61</run_address>
         <size>0x12e3</size>
         <input_file_ref idref="fl-6"/>
      </object_component>
      <object_component id="oc-1c1">
         <name>.debug_info</name>
         <load_address>0xbe44</load_address>
         <run_address>0xbe44</run_address>
         <size>0xcc</size>
         <input_file_ref idref="fl-6"/>
      </object_component>
      <object_component id="oc-168">
         <name>.debug_info</name>
         <load_address>0xbf10</load_address>
         <run_address>0xbf10</run_address>
         <size>0x2c</size>
         <input_file_ref idref="fl-6"/>
      </object_component>
      <object_component id="oc-18f">
         <name>.debug_info</name>
         <load_address>0xbf3c</load_address>
         <run_address>0xbf3c</run_address>
         <size>0x2c</size>
         <input_file_ref idref="fl-6"/>
      </object_component>
      <object_component id="oc-9b">
         <name>.debug_info</name>
         <load_address>0xbf68</load_address>
         <run_address>0xbf68</run_address>
         <size>0x492</size>
         <input_file_ref idref="fl-7"/>
      </object_component>
      <object_component id="oc-72">
         <name>.debug_info</name>
         <load_address>0xc3fa</load_address>
         <run_address>0xc3fa</run_address>
         <size>0x2c9</size>
         <input_file_ref idref="fl-8"/>
      </object_component>
      <object_component id="oc-27">
         <name>.debug_info</name>
         <load_address>0xc6c3</load_address>
         <run_address>0xc6c3</run_address>
         <size>0xf5</size>
         <input_file_ref idref="fl-8"/>
      </object_component>
      <object_component id="oc-6c">
         <name>.debug_info</name>
         <load_address>0xc7b8</load_address>
         <run_address>0xc7b8</run_address>
         <size>0x1bc</size>
         <input_file_ref idref="fl-8"/>
      </object_component>
      <object_component id="oc-13f">
         <name>.debug_info</name>
         <load_address>0xc974</load_address>
         <run_address>0xc974</run_address>
         <size>0xee</size>
         <input_file_ref idref="fl-9"/>
      </object_component>
      <object_component id="oc-ad">
         <name>.debug_info</name>
         <load_address>0xca62</load_address>
         <run_address>0xca62</run_address>
         <size>0x260</size>
         <input_file_ref idref="fl-9"/>
      </object_component>
      <object_component id="oc-18e">
         <name>.debug_info</name>
         <load_address>0xccc2</load_address>
         <run_address>0xccc2</run_address>
         <size>0x3e5</size>
         <input_file_ref idref="fl-c3"/>
      </object_component>
      <object_component id="oc-18b">
         <name>.debug_info</name>
         <load_address>0xd0a7</load_address>
         <run_address>0xd0a7</run_address>
         <size>0x157</size>
         <input_file_ref idref="fl-c3"/>
      </object_component>
      <object_component id="oc-182">
         <name>.debug_info</name>
         <load_address>0xd1fe</load_address>
         <run_address>0xd1fe</run_address>
         <size>0x166</size>
         <input_file_ref idref="fl-c3"/>
      </object_component>
      <object_component id="oc-f7">
         <name>.debug_info</name>
         <load_address>0xd364</load_address>
         <run_address>0xd364</run_address>
         <size>0x1ac</size>
         <input_file_ref idref="fl-c3"/>
      </object_component>
      <object_component id="oc-27a">
         <name>.debug_info</name>
         <load_address>0xd510</load_address>
         <run_address>0xd510</run_address>
         <size>0xb2</size>
         <input_file_ref idref="fl-c3"/>
      </object_component>
      <object_component id="oc-255">
         <name>.debug_info</name>
         <load_address>0xd5c2</load_address>
         <run_address>0xd5c2</run_address>
         <size>0x590</size>
         <input_file_ref idref="fl-c4"/>
      </object_component>
      <object_component id="oc-222">
         <name>.debug_info</name>
         <load_address>0xdb52</load_address>
         <run_address>0xdb52</run_address>
         <size>0x21e</size>
         <input_file_ref idref="fl-c4"/>
      </object_component>
      <object_component id="oc-348">
         <name>.debug_info</name>
         <load_address>0xdd70</load_address>
         <run_address>0xdd70</run_address>
         <size>0x1b3</size>
         <input_file_ref idref="fl-c4"/>
      </object_component>
      <object_component id="oc-34e">
         <name>.debug_info</name>
         <load_address>0xdf23</load_address>
         <run_address>0xdf23</run_address>
         <size>0x21b</size>
         <input_file_ref idref="fl-c4"/>
      </object_component>
      <object_component id="oc-22d">
         <name>.debug_info</name>
         <load_address>0xe13e</load_address>
         <run_address>0xe13e</run_address>
         <size>0x3c0</size>
         <input_file_ref idref="fl-c4"/>
      </object_component>
      <object_component id="oc-355">
         <name>.debug_info</name>
         <load_address>0xe4fe</load_address>
         <run_address>0xe4fe</run_address>
         <size>0x30a</size>
         <input_file_ref idref="fl-c4"/>
      </object_component>
      <object_component id="oc-35b">
         <name>.debug_info</name>
         <load_address>0xe808</load_address>
         <run_address>0xe808</run_address>
         <size>0x215</size>
         <input_file_ref idref="fl-c4"/>
      </object_component>
      <object_component id="oc-233">
         <name>.debug_info</name>
         <load_address>0xea1d</load_address>
         <run_address>0xea1d</run_address>
         <size>0x215</size>
         <input_file_ref idref="fl-c4"/>
      </object_component>
      <object_component id="oc-239">
         <name>.debug_info</name>
         <load_address>0xec32</load_address>
         <run_address>0xec32</run_address>
         <size>0x304</size>
         <input_file_ref idref="fl-c4"/>
      </object_component>
      <object_component id="oc-23f">
         <name>.debug_info</name>
         <load_address>0xef36</load_address>
         <run_address>0xef36</run_address>
         <size>0x4b5</size>
         <input_file_ref idref="fl-c4"/>
      </object_component>
      <object_component id="oc-17b">
         <name>.debug_info</name>
         <load_address>0xf3eb</load_address>
         <run_address>0xf3eb</run_address>
         <size>0x5f4</size>
         <input_file_ref idref="fl-c4"/>
      </object_component>
      <object_component id="oc-256">
         <name>.debug_info</name>
         <load_address>0xf9df</load_address>
         <run_address>0xf9df</run_address>
         <size>0x86</size>
         <input_file_ref idref="fl-c4"/>
      </object_component>
      <object_component id="oc-383">
         <name>.debug_info</name>
         <load_address>0xfa65</load_address>
         <run_address>0xfa65</run_address>
         <size>0x39</size>
         <input_file_ref idref="fl-c4"/>
      </object_component>
      <object_component id="oc-43a">
         <name>.debug_info</name>
         <load_address>0xfa9e</load_address>
         <run_address>0xfa9e</run_address>
         <size>0xb6</size>
         <input_file_ref idref="fl-c4"/>
      </object_component>
      <object_component id="oc-388">
         <name>.debug_info</name>
         <load_address>0xfb54</load_address>
         <run_address>0xfb54</run_address>
         <size>0x46</size>
         <input_file_ref idref="fl-c4"/>
      </object_component>
      <object_component id="oc-25b">
         <name>.debug_info</name>
         <load_address>0xfb9a</load_address>
         <run_address>0xfb9a</run_address>
         <size>0x46</size>
         <input_file_ref idref="fl-c4"/>
      </object_component>
      <object_component id="oc-2cf">
         <name>.debug_info</name>
         <load_address>0xfbe0</load_address>
         <run_address>0xfbe0</run_address>
         <size>0x2c</size>
         <input_file_ref idref="fl-c4"/>
      </object_component>
      <object_component id="oc-1e3">
         <name>.debug_info</name>
         <load_address>0xfc0c</load_address>
         <run_address>0xfc0c</run_address>
         <size>0x3f5</size>
         <input_file_ref idref="fl-c5"/>
      </object_component>
      <object_component id="oc-1db">
         <name>.debug_info</name>
         <load_address>0x10001</load_address>
         <run_address>0x10001</run_address>
         <size>0x20e</size>
         <input_file_ref idref="fl-c5"/>
      </object_component>
      <object_component id="oc-1f8">
         <name>.debug_info</name>
         <load_address>0x1020f</load_address>
         <run_address>0x1020f</run_address>
         <size>0x176</size>
         <input_file_ref idref="fl-c5"/>
      </object_component>
      <object_component id="oc-15b">
         <name>.debug_info</name>
         <load_address>0x10385</load_address>
         <run_address>0x10385</run_address>
         <size>0x1e4</size>
         <input_file_ref idref="fl-c5"/>
      </object_component>
      <object_component id="oc-154">
         <name>.debug_info</name>
         <load_address>0x10569</load_address>
         <run_address>0x10569</run_address>
         <size>0x1cd</size>
         <input_file_ref idref="fl-c5"/>
      </object_component>
      <object_component id="oc-bc">
         <name>.debug_info</name>
         <load_address>0x10736</load_address>
         <run_address>0x10736</run_address>
         <size>0x2c</size>
         <input_file_ref idref="fl-c5"/>
      </object_component>
      <object_component id="oc-3a5">
         <name>.debug_info</name>
         <load_address>0x10762</load_address>
         <run_address>0x10762</run_address>
         <size>0x383</size>
         <input_file_ref idref="fl-c6"/>
      </object_component>
      <object_component id="oc-272">
         <name>.debug_info</name>
         <load_address>0x10ae5</load_address>
         <run_address>0x10ae5</run_address>
         <size>0x1ea</size>
         <input_file_ref idref="fl-c6"/>
      </object_component>
      <object_component id="oc-3a3">
         <name>.debug_info</name>
         <load_address>0x10ccf</load_address>
         <run_address>0x10ccf</run_address>
         <size>0x3fc</size>
         <input_file_ref idref="fl-c7"/>
      </object_component>
      <object_component id="oc-26d">
         <name>.debug_info</name>
         <load_address>0x110cb</load_address>
         <run_address>0x110cb</run_address>
         <size>0x2e2</size>
         <input_file_ref idref="fl-c7"/>
      </object_component>
      <object_component id="oc-cd">
         <name>.debug_info</name>
         <load_address>0x113ad</load_address>
         <run_address>0x113ad</run_address>
         <size>0x2c</size>
         <input_file_ref idref="fl-c7"/>
      </object_component>
      <object_component id="oc-310">
         <name>.debug_info</name>
         <load_address>0x113d9</load_address>
         <run_address>0x113d9</run_address>
         <size>0x300</size>
         <input_file_ref idref="fl-c8"/>
      </object_component>
      <object_component id="oc-393">
         <name>.debug_info</name>
         <load_address>0x116d9</load_address>
         <run_address>0x116d9</run_address>
         <size>0x19c</size>
         <input_file_ref idref="fl-c8"/>
      </object_component>
      <object_component id="oc-1ff">
         <name>.debug_info</name>
         <load_address>0x11875</load_address>
         <run_address>0x11875</run_address>
         <size>0xbf</size>
         <input_file_ref idref="fl-c8"/>
      </object_component>
      <object_component id="oc-1fe">
         <name>.debug_info</name>
         <load_address>0x11934</load_address>
         <run_address>0x11934</run_address>
         <size>0x374</size>
         <input_file_ref idref="fl-c9"/>
      </object_component>
      <object_component id="oc-15f">
         <name>.debug_info</name>
         <load_address>0x11ca8</load_address>
         <run_address>0x11ca8</run_address>
         <size>0x20b</size>
         <input_file_ref idref="fl-c9"/>
      </object_component>
      <object_component id="oc-41d">
         <name>.debug_info</name>
         <load_address>0x11eb3</load_address>
         <run_address>0x11eb3</run_address>
         <size>0x295</size>
         <input_file_ref idref="fl-ca"/>
      </object_component>
      <object_component id="oc-362">
         <name>.debug_info</name>
         <load_address>0x12148</load_address>
         <run_address>0x12148</run_address>
         <size>0x195</size>
         <input_file_ref idref="fl-ca"/>
      </object_component>
      <object_component id="oc-47b">
         <name>.debug_info</name>
         <load_address>0x122dd</load_address>
         <run_address>0x122dd</run_address>
         <size>0x39</size>
         <input_file_ref idref="fl-ca"/>
      </object_component>
      <object_component id="oc-41e">
         <name>.debug_info</name>
         <load_address>0x12316</load_address>
         <run_address>0x12316</run_address>
         <size>0x2c</size>
         <input_file_ref idref="fl-ca"/>
      </object_component>
      <object_component id="oc-42a">
         <name>.debug_info</name>
         <load_address>0x12342</load_address>
         <run_address>0x12342</run_address>
         <size>0x2f8</size>
         <input_file_ref idref="fl-cb"/>
      </object_component>
      <object_component id="oc-367">
         <name>.debug_info</name>
         <load_address>0x1263a</load_address>
         <run_address>0x1263a</run_address>
         <size>0x225</size>
         <input_file_ref idref="fl-cb"/>
      </object_component>
      <object_component id="oc-37b">
         <name>.debug_info</name>
         <load_address>0x1285f</load_address>
         <run_address>0x1285f</run_address>
         <size>0x28f</size>
         <input_file_ref idref="fl-cc"/>
      </object_component>
      <object_component id="oc-249">
         <name>.debug_info</name>
         <load_address>0x12aee</load_address>
         <run_address>0x12aee</run_address>
         <size>0x15a</size>
         <input_file_ref idref="fl-cc"/>
      </object_component>
      <object_component id="oc-42f">
         <name>.debug_info</name>
         <load_address>0x12c48</load_address>
         <run_address>0x12c48</run_address>
         <size>0x46</size>
         <input_file_ref idref="fl-cc"/>
      </object_component>
      <object_component id="oc-376">
         <name>.debug_info</name>
         <load_address>0x12c8e</load_address>
         <run_address>0x12c8e</run_address>
         <size>0x39</size>
         <input_file_ref idref="fl-cc"/>
      </object_component>
      <object_component id="oc-341">
         <name>.debug_info</name>
         <load_address>0x12cc7</load_address>
         <run_address>0x12cc7</run_address>
         <size>0x14c</size>
         <input_file_ref idref="fl-cd"/>
      </object_component>
      <object_component id="oc-226">
         <name>.debug_info</name>
         <load_address>0x12e13</load_address>
         <run_address>0x12e13</run_address>
         <size>0x128</size>
         <input_file_ref idref="fl-ce"/>
      </object_component>
      <object_component id="oc-32d">
         <name>.debug_info</name>
         <load_address>0x12f3b</load_address>
         <run_address>0x12f3b</run_address>
         <size>0x12a</size>
         <input_file_ref idref="fl-ce"/>
      </object_component>
      <object_component id="oc-327">
         <name>.debug_info</name>
         <load_address>0x13065</load_address>
         <run_address>0x13065</run_address>
         <size>0x13a</size>
         <input_file_ref idref="fl-cf"/>
      </object_component>
      <object_component id="oc-323">
         <name>.debug_info</name>
         <load_address>0x1319f</load_address>
         <run_address>0x1319f</run_address>
         <size>0x13a</size>
         <input_file_ref idref="fl-d0"/>
      </object_component>
      <object_component id="oc-331">
         <name>.debug_info</name>
         <load_address>0x132d9</load_address>
         <run_address>0x132d9</run_address>
         <size>0x12e</size>
         <input_file_ref idref="fl-d1"/>
      </object_component>
      <object_component id="oc-33d">
         <name>.debug_info</name>
         <load_address>0x13407</load_address>
         <run_address>0x13407</run_address>
         <size>0x12c</size>
         <input_file_ref idref="fl-d2"/>
      </object_component>
      <object_component id="oc-3c">
         <name>.debug_info</name>
         <load_address>0x13533</load_address>
         <run_address>0x13533</run_address>
         <size>0x119</size>
         <input_file_ref idref="fl-d3"/>
      </object_component>
      <object_component id="oc-31d">
         <name>.debug_info</name>
         <load_address>0x1364c</load_address>
         <run_address>0x1364c</run_address>
         <size>0x134</size>
         <input_file_ref idref="fl-d4"/>
      </object_component>
      <object_component id="oc-8f">
         <name>.debug_info</name>
         <load_address>0x13780</load_address>
         <run_address>0x13780</run_address>
         <size>0x147</size>
         <input_file_ref idref="fl-d5"/>
      </object_component>
      <object_component id="oc-8d">
         <name>.debug_info</name>
         <load_address>0x138c7</load_address>
         <run_address>0x138c7</run_address>
         <size>0x2d4</size>
         <input_file_ref idref="fl-d6"/>
      </object_component>
      <object_component id="oc-48">
         <name>.debug_info</name>
         <load_address>0x13b9b</load_address>
         <run_address>0x13b9b</run_address>
         <size>0x1d2</size>
         <input_file_ref idref="fl-d6"/>
      </object_component>
      <object_component id="oc-88">
         <name>.debug_info</name>
         <load_address>0x13d6d</load_address>
         <run_address>0x13d6d</run_address>
         <size>0x46</size>
         <input_file_ref idref="fl-d6"/>
      </object_component>
      <object_component id="oc-45">
         <name>.debug_info</name>
         <load_address>0x13db3</load_address>
         <run_address>0x13db3</run_address>
         <size>0x2a8</size>
         <input_file_ref idref="fl-d7"/>
      </object_component>
      <object_component id="oc-1e">
         <name>.debug_info</name>
         <load_address>0x1405b</load_address>
         <run_address>0x1405b</run_address>
         <size>0x1ea</size>
         <input_file_ref idref="fl-d7"/>
      </object_component>
      <object_component id="oc-40">
         <name>.debug_info</name>
         <load_address>0x14245</load_address>
         <run_address>0x14245</run_address>
         <size>0x46</size>
         <input_file_ref idref="fl-d7"/>
      </object_component>
      <object_component id="oc-80">
         <name>.debug_info</name>
         <load_address>0x1428b</load_address>
         <run_address>0x1428b</run_address>
         <size>0x2c</size>
         <input_file_ref idref="fl-d7"/>
      </object_component>
      <object_component id="oc-7e">
         <name>.debug_info</name>
         <load_address>0x142b7</load_address>
         <run_address>0x142b7</run_address>
         <size>0x29e</size>
         <input_file_ref idref="fl-d8"/>
      </object_component>
      <object_component id="oc-1a">
         <name>.debug_info</name>
         <load_address>0x14555</load_address>
         <run_address>0x14555</run_address>
         <size>0x250</size>
         <input_file_ref idref="fl-d8"/>
      </object_component>
      <object_component id="oc-30">
         <name>.debug_info</name>
         <load_address>0x147a5</load_address>
         <run_address>0x147a5</run_address>
         <size>0x60</size>
         <input_file_ref idref="fl-d8"/>
      </object_component>
      <object_component id="oc-c6">
         <name>.debug_info</name>
         <load_address>0x14805</load_address>
         <run_address>0x14805</run_address>
         <size>0x46</size>
         <input_file_ref idref="fl-d8"/>
      </object_component>
      <object_component id="oc-79">
         <name>.debug_info</name>
         <load_address>0x1484b</load_address>
         <run_address>0x1484b</run_address>
         <size>0x39</size>
         <input_file_ref idref="fl-d8"/>
      </object_component>
      <object_component id="oc-199">
         <name>.debug_info</name>
         <load_address>0x14884</load_address>
         <run_address>0x14884</run_address>
         <size>0x3ad</size>
         <input_file_ref idref="fl-d9"/>
      </object_component>
      <object_component id="oc-196">
         <name>.debug_info</name>
         <load_address>0x14c31</load_address>
         <run_address>0x14c31</run_address>
         <size>0x190</size>
         <input_file_ref idref="fl-d9"/>
      </object_component>
      <object_component id="oc-102">
         <name>.debug_info</name>
         <load_address>0x14dc1</load_address>
         <run_address>0x14dc1</run_address>
         <size>0x122</size>
         <input_file_ref idref="fl-d9"/>
      </object_component>
      <object_component id="oc-108">
         <name>.debug_info</name>
         <load_address>0x14ee3</load_address>
         <run_address>0x14ee3</run_address>
         <size>0x184</size>
         <input_file_ref idref="fl-d9"/>
      </object_component>
      <object_component id="oc-268">
         <name>.debug_info</name>
         <load_address>0x15067</load_address>
         <run_address>0x15067</run_address>
         <size>0x2c9</size>
         <input_file_ref idref="fl-da"/>
      </object_component>
      <object_component id="oc-17f">
         <name>.debug_info</name>
         <load_address>0x15330</load_address>
         <run_address>0x15330</run_address>
         <size>0x11e</size>
         <input_file_ref idref="fl-da"/>
      </object_component>
      <object_component id="oc-262">
         <name>.debug_info</name>
         <load_address>0x1544e</load_address>
         <run_address>0x1544e</run_address>
         <size>0x12e</size>
         <input_file_ref idref="fl-da"/>
      </object_component>
      <object_component id="oc-415">
         <name>.debug_info</name>
         <load_address>0x1557c</load_address>
         <run_address>0x1557c</run_address>
         <size>0x29c</size>
         <input_file_ref idref="fl-db"/>
      </object_component>
      <object_component id="oc-336">
         <name>.debug_info</name>
         <load_address>0x15818</load_address>
         <run_address>0x15818</run_address>
         <size>0x1da</size>
         <input_file_ref idref="fl-db"/>
      </object_component>
      <object_component id="oc-319">
         <name>.debug_info</name>
         <load_address>0x159f2</load_address>
         <run_address>0x159f2</run_address>
         <size>0x2b9</size>
         <input_file_ref idref="fl-dc"/>
      </object_component>
      <object_component id="oc-21b">
         <name>.debug_info</name>
         <load_address>0x15cab</load_address>
         <run_address>0x15cab</run_address>
         <size>0x17c</size>
         <input_file_ref idref="fl-dc"/>
      </object_component>
      <object_component id="oc-407">
         <name>.debug_info</name>
         <load_address>0x15e27</load_address>
         <run_address>0x15e27</run_address>
         <size>0xf9</size>
         <input_file_ref idref="fl-dd"/>
      </object_component>
      <object_component id="oc-316">
         <name>.debug_info</name>
         <load_address>0x15f20</load_address>
         <run_address>0x15f20</run_address>
         <size>0x105</size>
         <input_file_ref idref="fl-dd"/>
      </object_component>
      <object_component id="oc-206">
         <name>.debug_info</name>
         <load_address>0x16025</load_address>
         <run_address>0x16025</run_address>
         <size>0x144</size>
         <input_file_ref idref="fl-de"/>
      </object_component>
      <object_component id="oc-165">
         <name>.debug_info</name>
         <load_address>0x16169</load_address>
         <run_address>0x16169</run_address>
         <size>0x102</size>
         <input_file_ref idref="fl-de"/>
      </object_component>
      <object_component id="oc-1e0">
         <name>.debug_info</name>
         <load_address>0x1626b</load_address>
         <run_address>0x1626b</run_address>
         <size>0x18f</size>
         <input_file_ref idref="fl-de"/>
      </object_component>
      <object_component id="oc-374">
         <name>.debug_info</name>
         <load_address>0x163fa</load_address>
         <run_address>0x163fa</run_address>
         <size>0x2a7</size>
         <input_file_ref idref="fl-df"/>
      </object_component>
      <object_component id="oc-246">
         <name>.debug_info</name>
         <load_address>0x166a1</load_address>
         <run_address>0x166a1</run_address>
         <size>0x1b8</size>
         <input_file_ref idref="fl-df"/>
      </object_component>
      <object_component id="oc-447">
         <name>.debug_info</name>
         <load_address>0x16859</load_address>
         <run_address>0x16859</run_address>
         <size>0x2a5</size>
         <input_file_ref idref="fl-e0"/>
      </object_component>
      <object_component id="oc-399">
         <name>.debug_info</name>
         <load_address>0x16afe</load_address>
         <run_address>0x16afe</run_address>
         <size>0x25d</size>
         <input_file_ref idref="fl-e0"/>
      </object_component>
      <object_component id="oc-75">
         <name>.debug_info</name>
         <load_address>0x16d5b</load_address>
         <run_address>0x16d5b</run_address>
         <size>0x3b2</size>
         <input_file_ref idref="fl-e1"/>
[...]
      <symbol id="sm-53b">
         <name>__aeabi_cdrcmple</name>
         <value>0x346f</value>
         <object_component_ref idref="oc-32b"/>
      </symbol>
      <symbol id="sm-54f">
         <name>__aeabi_ddiv</name>
         <value>0x2619</value>
         <object_component_ref idref="oc-326"/>
      </symbol>
      <symbol id="sm-55a">
         <name>__aeabi_dmul</name>
         <value>0x2ca9</value>
         <object_component_ref idref="oc-321"/>
      </symbol>
      <symbol id="sm-564">
         <name>__aeabi_d2iz</name>
         <value>0x3cdd</value>
         <object_component_ref idref="oc-330"/>
      </symbol>
      <symbol id="sm-56e">
         <name>__aeabi_i2d</name>
         <value>0x3fe5</value>
         <object_component_ref idref="oc-33b"/>
      </symbol>
      <symbol id="sm-589">
         <name>memcpy</name>
         <value>0x3229</value>
         <object_component_ref idref="oc-3a"/>
      </symbol>
      <symbol id="sm-58a">
         <name>__aeabi_memcpy</name>
         <value>0x3229</value>
         <object_component_ref idref="oc-3a"/>
      </symbol>
      <symbol id="sm-58b">
         <name>__aeabi_memcpy8</name>
         <value>0x3229</value>
         <object_component_ref idref="oc-3a"/>
      </symbol>
      <symbol id="sm-58c">
         <name>__aeabi_memcpy4</name>
         <value>0x3229</value>
         <object_component_ref idref="oc-3a"/>
      </symbol>
      <symbol id="sm-599">
         <name>__aeabi_uldivmod</name>
         <value>0x32c5</value>
         <object_component_ref idref="oc-31a"/>
      </symbol>
      <symbol id="sm-5a8">
         <name>__aeabi_memset</name>
         <value>0x34f7</value>
         <object_component_ref idref="oc-8e"/>
      </symbol>
      <symbol id="sm-5a9">
         <name>memset</name>
         <value>0x34fd</value>
         <object_component_ref idref="oc-8e"/>
      </symbol>
      <symbol id="sm-5aa">
         <name>__aeabi_memset8</name>
         <value>0x34f7</value>
         <object_component_ref idref="oc-8e"/>
      </symbol>
      <symbol id="sm-5ab">
         <name>__aeabi_memset4</name>
         <value>0x34f7</value>
         <object_component_ref idref="oc-8e"/>
      </symbol>
      <symbol id="sm-5ac">
         <name>__aeabi_memclr8</name>
         <value>0x34f5</value>
         <object_component_ref idref="oc-8e"/>
      </symbol>
      <symbol id="sm-5ad">
         <name>__aeabi_memclr4</name>
         <value>0x34f5</value>
         <object_component_ref idref="oc-8e"/>
      </symbol>
      <symbol id="sm-5ae">
         <name>__aeabi_memclr</name>
         <value>0x34f5</value>
         <object_component_ref idref="oc-8e"/>
      </symbol>
      <symbol id="sm-5c2">
         <name>__TI_zero_init_nomemset</name>
         <value>0x40d9</value>
         <object_component_ref idref="oc-46"/>
      </symbol>
      <symbol id="sm-5d9">
         <name>__TI_decompress_none</name>
         <value>0x41af</value>
         <object_component_ref idref="oc-1d"/>
      </symbol>
      <symbol id="sm-5fc">
         <name>__TI_decompress_lzss</name>
         <value>0x3799</value>
         <object_component_ref idref="oc-17"/>
      </symbol>
      <symbol id="sm-622">
         <name>C$$EXIT</name>
         <value>0x41e9</value>
         <object_component_ref idref="oc-100"/>
      </symbol>
      <symbol id="sm-623">
         <name>abort</name>
         <value>0x41e9</value>
         <object_component_ref idref="oc-100"/>
      </symbol>
      <symbol id="sm-624">
         <name>__TI_dtors_ptr</name>
         <value>0x200005e4</value>
         <object_component_ref idref="oc-195"/>
      </symbol>
      <symbol id="sm-625">
         <name>__TI_cleanup_ptr</name>
         <value>0x200005e0</value>
         <object_component_ref idref="oc-195"/>
      </symbol>
      <symbol id="sm-626">
         <name>__TI_enable_exit_profile_output</name>
         <value>0x200005e8</value>
         <object_component_ref idref="oc-195"/>
      </symbol>
      <symbol id="sm-627">
         <name>exit</name>
         <value>0x3c95</value>
         <object_component_ref idref="oc-106"/>
      </symbol>
      <symbol id="sm-63c">
         <name>_nop</name>
         <value>0xb33</value>
         <object_component_ref idref="oc-260"/>
      </symbol>
      <symbol id="sm-63d">
         <name>_lock</name>
         <value>0x200005ec</value>
         <object_component_ref idref="oc-17e"/>
      </symbol>
      <symbol id="sm-63e">
         <name>_unlock</name>
         <value>0x200005f0</value>
         <object_component_ref idref="oc-17e"/>
      </symbol>
      <symbol id="sm-64d">
         <name>__TI_ltoa</name>
         <value>0x3b57</value>
         <object_component_ref idref="oc-335"/>
      </symbol>
      <symbol id="sm-663">
         <name>atoi</name>
         <value>0x3c49</value>
         <object_component_ref idref="oc-219"/>
      </symbol>
      <symbol id="sm-66e">
         <name>_ctypes_</name>
         <value>0x41ec</value>
         <object_component_ref idref="oc-315"/>
      </symbol>
      <symbol id="sm-683">
         <name>__TI_tmpnams</name>
         <value>0x20000730</value>
      </symbol>
      <symbol id="sm-684">
         <name>__aeabi_stdout</name>
         <value>0x200005d8</value>
         <object_component_ref idref="oc-1df"/>
      </symbol>
      <symbol id="sm-685">
         <name>__aeabi_stderr</name>
         <value>0x200005dc</value>
         <object_component_ref idref="oc-1df"/>
      </symbol>
      <symbol id="sm-686">
         <name>__aeabi_stdin</name>
         <value>0x200005d4</value>
         <object_component_ref idref="oc-1df"/>
      </symbol>
      <symbol id="sm-687">
         <name>_ftable</name>
         <value>0x20000400</value>
         <object_component_ref idref="oc-164"/>
      </symbol>
      <symbol id="sm-688">
         <name>__TI_ft_end</name>
         <value>0x200005d0</value>
         <object_component_ref idref="oc-1df"/>
      </symbol>
      <symbol id="sm-698">
         <name>memccpy</name>
         <value>0x4111</value>
         <object_component_ref idref="oc-242"/>
      </symbol>
      <symbol id="sm-6a8">
         <name>memchr</name>
         <value>0x40b9</value>
         <object_component_ref idref="oc-396"/>
      </symbol>
      <symbol id="sm-72c">
         <name>_sys_memory</name>
         <value>0x20000000</value>
         <object_component_ref idref="oc-29"/>
      </symbol>
      <symbol id="sm-72d">
         <name>free</name>
         <value>0x2da5</value>
         <object_component_ref idref="oc-1eb"/>
      </symbol>
      <symbol id="sm-72e">
         <name>memalign</name>
         <value>0x2ba9</value>
         <object_component_ref idref="oc-306"/>
      </symbol>
      <symbol id="sm-72f">
         <name>malloc</name>
         <value>0x41d5</value>
         <object_component_ref idref="oc-1f1"/>
      </symbol>
      <symbol id="sm-730">
         <name>aligned_alloc</name>
         <value>0x2ba9</value>
         <object_component_ref idref="oc-306"/>
      </symbol>
      <symbol id="sm-740">
         <name>strchr</name>
         <value>0x415f</value>
         <object_component_ref idref="oc-36c"/>
      </symbol>
      <symbol id="sm-74e">
         <name>strlen</name>
         <value>0x4189</value>
         <object_component_ref idref="oc-213"/>
      </symbol>
      <symbol id="sm-764">
         <name>__aeabi_errno_addr</name>
         <value>0x41cd</value>
         <object_component_ref idref="oc-24e"/>
      </symbol>
      <symbol id="sm-765">
         <name>errno</name>
         <value>0x20000600</value>
         <object_component_ref idref="oc-37c"/>
      </symbol>
      <symbol id="sm-778">
         <name>__stack</name>
         <value>0x2000fe00</value>
         <object_component_ref idref="oc-2c"/>
      </symbol>
      <symbol id="sm-779">
         <name>_c_int00_noargs</name>
         <value>0x3f4d</value>
         <object_component_ref idref="oc-58"/>
      </symbol>
      <symbol id="sm-78e">
         <name>write</name>
         <value>0x4091</value>
         <object_component_ref idref="oc-39c"/>
      </symbol>
      <symbol id="sm-79f">
         <name>_stream</name>
         <value>0x20000568</value>
         <object_component_ref idref="oc-3e8"/>
      </symbol>
      <symbol id="sm-7a0">
         <name>_device</name>
         <value>0x200004f0</value>
         <object_component_ref idref="oc-1d3"/>
      </symbol>
      <symbol id="sm-7bd">
         <name>open</name>
         <value>0x2f65</value>
         <object_component_ref idref="oc-2d9"/>
      </symbol>
      <symbol id="sm-7dd">
         <name>add_device</name>
         <value>0x3021</value>
         <object_component_ref idref="oc-14c"/>
      </symbol>
      <symbol id="sm-7f2">
         <name>__TI_closefile</name>
         <value>0x3571</value>
         <object_component_ref idref="oc-1e4"/>
      </symbol>
      <symbol id="sm-802">
         <name>__TI_doflush</name>
         <value>0x3bfd</value>
         <object_component_ref idref="oc-2e4"/>
      </symbol>
      <symbol id="sm-814">
         <name>fseek</name>
         <value>0x38cd</value>
         <object_component_ref idref="oc-43f"/>
      </symbol>
      <symbol id="sm-832">
         <name>finddevice</name>
         <value>0x3fb5</value>
         <object_component_ref idref="oc-1c6"/>
      </symbol>
      <symbol id="sm-833">
         <name>getdevice</name>
         <value>0x3df1</value>
         <object_component_ref idref="oc-3e1"/>
      </symbol>
      <symbol id="sm-83d">
         <name>copysign</name>
         <value>0x412d</value>
         <object_component_ref idref="oc-423"/>
      </symbol>
      <symbol id="sm-83e">
         <name>copysignl</name>
         <value>0x412d</value>
         <object_component_ref idref="oc-423"/>
      </symbol>
      <symbol id="sm-848">
         <name>__aeabi_idiv0</name>
         <value>0x236f</value>
         <object_component_ref idref="oc-40a"/>
      </symbol>
      <symbol id="sm-849">
         <name>__aeabi_ldiv0</name>
         <value>0x236f</value>
         <object_component_ref idref="oc-40a"/>
      </symbol>
      <symbol id="sm-871">
         <name>__TI_auto_init_nobinit_nopinit</name>
         <value>0x3dad</value>
         <object_component_ref idref="oc-10c"/>
      </symbol>
      <symbol id="sm-87b">
         <name>_system_pre_init</name>
         <value>0x41e5</value>
         <object_component_ref idref="oc-94"/>
      </symbol>
      <symbol id="sm-88c">
         <name>strcmp</name>
         <value>0x4147</value>
         <object_component_ref idref="oc-296"/>
      </symbol>
      <symbol id="sm-89c">
         <name>strncpy</name>
         <value>0x3ead</value>
         <object_component_ref idref="oc-1cc"/>
      </symbol>
      <symbol id="sm-8ad">
         <name>HOSTclose</name>
         <value>0x3d25</value>
         <object_component_ref idref="oc-2a6"/>
      </symbol>
      <symbol id="sm-8be">
         <name>HOSTlseek</name>
         <value>0x3731</value>
         <object_component_ref idref="oc-2b8"/>
      </symbol>
      <symbol id="sm-8d0">
         <name>parmbuf</name>
         <value>0x200007d8</value>
      </symbol>
      <symbol id="sm-8d1">
         <name>HOSTopen</name>
         <value>0x3995</value>
         <object_component_ref idref="oc-2a0"/>
      </symbol>
      <symbol id="sm-8e2">
         <name>HOSTread</name>
         <value>0x3a51</value>
         <object_component_ref idref="oc-2ac"/>
      </symbol>
      <symbol id="sm-8f3">
         <name>HOSTrename</name>
         <value>0x36c5</value>
         <object_component_ref idref="oc-2c4"/>
      </symbol>
      <symbol id="sm-904">
         <name>HOSTunlink</name>
         <value>0x3d69</value>
         <object_component_ref idref="oc-2be"/>
      </symbol>
      <symbol id="sm-915">
         <name>HOSTwrite</name>
         <value>0x3aa9</value>
         <object_component_ref idref="oc-2b2"/>
      </symbol>
      <symbol id="sm-939">
         <name>__TI_readmsg</name>
         <value>0x3f19</value>
         <object_component_ref idref="oc-3be"/>
      </symbol>
      <symbol id="sm-93a">
         <name>C$$IO$$</name>
         <value>0x3ea3</value>
         <object_component_ref idref="oc-3b8"/>
      </symbol>
      <symbol id="sm-93b">
         <name>__CIOBUF_</name>
         <value>0x20000610</value>
         <object_component_ref idref="oc-450"/>
      </symbol>
      <symbol id="sm-93c">
         <name>__TI_writemsg</name>
         <value>0x3e75</value>
         <object_component_ref idref="oc-3b8"/>
      </symbol>
      <symbol id="sm-94d">
         <name>lseek</name>
         <value>0x4069</value>
         <object_component_ref idref="oc-485"/>
      </symbol>
      <symbol id="sm-961">
         <name>close</name>
         <value>0x39f5</value>
         <object_component_ref idref="oc-2ea"/>
      </symbol>
      <symbol id="sm-96f">
         <name>strcpy</name>
         <value>0x4175</value>
         <object_component_ref idref="oc-3d2"/>
      </symbol>
      <symbol id="sm-97f">
         <name>unlink</name>
         <value>0x4015</value>
         <object_component_ref idref="oc-2f0"/>
      </symbol>
      <symbol id="sm-980">
         <name>__TI_static_base__</name>
         <value>0x0</value>
      </symbol>
      <symbol id="sm-983">
         <name>__mpu_init</name>
         <value>0x0</value>
      </symbol>
      <symbol id="sm-984">
         <name>_system_post_cinit</name>
         <value>0x0</value>
      </symbol>
      <symbol id="sm-985">
         <name>NMI_Handler</name>
         <value>0x41c9</value>
      </symbol>
      <symbol id="sm-986">
         <name>HardFault_Handler</name>
         <value>0x41c9</value>
      </symbol>
      <symbol id="sm-987">
         <name>MemManage_Handler</name>
         <value>0x41c9</value>
      </symbol>
      <symbol id="sm-988">
         <name>BusFault_Handler</name>
         <value>0x41c9</value>
      </symbol>
      <symbol id="sm-989">
         <name>UsageFault_Handler</name>
         <value>0x41c9</value>
      </symbol>
      <symbol id="sm-98a">
         <name>SVC_Handler</name>
         <value>0x41c9</value>
      </symbol>
      <symbol id="sm-98b">
         <name>DebugMon_Handler</name>
         <value>0x41c9</value>
      </symbol>
      <symbol id="sm-98c">
         <name>PendSV_Handler</name>
         <value>0x41c9</value>
      </symbol>
      <symbol id="sm-98d">
         <name>SysTick_Handler</name>
         <value>0x41c9</value>
      </symbol>
      <symbol id="sm-98e">
         <name>PSS_IRQHandler</name>
         <value>0x41c9</value>
      </symbol>
      <symbol id="sm-98f">
         <name>CS_IRQHandler</name>
         <value>0x41c9</value>
      </symbol>
      <symbol id="sm-990">
         <name>PCM_IRQHandler</name>
         <value>0x41c9</value>
      </symbol>
      <symbol id="sm-991">
         <name>WDT_A_IRQHandler</name>
         <value>0x41c9</value>
      </symbol>
      <symbol id="sm-992">
         <name>FPU_IRQHandler</name>
         <value>0x41c9</value>
      </symbol>
      <symbol id="sm-993">
         <name>FLCTL_IRQHandler</name>
         <value>0x41c9</value>
      </symbol>
      <symbol id="sm-994">
         <name>COMP_E0_IRQHandler</name>
         <value>0x41c9</value>
      </symbol>
      <symbol id="sm-995">
         <name>COMP_E1_IRQHandler</name>
         <value>0x41c9</value>
      </symbol>
      <symbol id="sm-996">
         <name>TA0_0_IRQHandler</name>
         <value>0x41c9</value>
      </symbol>
      <symbol id="sm-997">
         <name>TA0_N_IRQHandler</name>
         <value>0x41c9</value>
      </symbol>
      <symbol id="sm-998">
         <name>TA1_0_IRQHandler</name>
         <value>0x41c9</value>
      </symbol>
      <symbol id="sm-999">
         <name>TA1_N_IRQHandler</name>
         <value>0x41c9</value>
      </symbol>
      <symbol id="sm-99a">
         <name>TA2_0_IRQHandler</name>
         <value>0x41c9</value>
      </symbol>
      <symbol id="sm-99b">
         <name>TA2_N_IRQHandler</name>
         <value>0x41c9</value>
      </symbol>
      <symbol id="sm-99c">
         <name>TA3_0_IRQHandler</name>
         <value>0x41c9</value>
      </symbol>
      <symbol id="sm-99d">
         <name>TA3_N_IRQHandler</name>
         <value>0x41c9</value>
      </symbol>
      <symbol id="sm-99e">
         <name>EUSCIA0_IRQHandler</name>
         <value>0x41c9</value>
      </symbol>
      <symbol id="sm-99f">
         <name>EUSCIA1_IRQHandler</name>
         <value>0x41c9</value>
      </symbol>
      <symbol id="sm-9a0">
         <name>EUSCIA2_IRQHandler</name>
         <value>0x41c9</value>
      </symbol>
      <symbol id="sm-9a1">
         <name>EUSCIA3_IRQHandler</name>
         <value>0x41c9</value>
      </symbol>
      <symbol id="sm-9a2">
         <name>EUSCIB0_IRQHandler</name>
         <value>0x41c9</value>
      </symbol>
      <symbol id="sm-9a3">
         <name>EUSCIB1_IRQHandler</name>
         <value>0x41c9</value>
      </symbol>
      <symbol id="sm-9a4">
         <name>EUSCIB2_IRQHandler</name>
         <value>0x41c9</value>
      </symbol>
      <symbol id="sm-9a5">
         <name>EUSCIB3_IRQHandler</name>
         <value>0x41c9</value>
      </symbol>
      <symbol id="sm-9a6">
         <name>ADC14_IRQHandler</name>
         <value>0x41c9</value>
      </symbol>
      <symbol id="sm-9a7">
         <name>T32_INT1_IRQHandler</name>
         <value>0x41c9</value>
      </symbol>
      <symbol id="sm-9a8">
         <name>T32_INT2_IRQHandler</name>
         <value>0x41c9</value>
      </symbol>
      <symbol id="sm-9a9">
         <name>T32_INTC_IRQHandler</name>
         <value>0x41c9</value>
      </symbol>
      <symbol id="sm-9aa">
         <name>AES256_IRQHandler</name>
         <value>0x41c9</value>
      </symbol>
      <symbol id="sm-9ab">
         <name>RTC_C_IRQHandler</name>
         <value>0x41c9</value>
      </symbol>
      <symbol id="sm-9ac">
         <name>DMA_ERR_IRQHandler</name>
         <value>0x41c9</value>
      </symbol>
      <symbol id="sm-9ad">
         <name>DMA_INT3_IRQHandler</name>
         <value>0x41c9</value>
      </symbol>
      <symbol id="sm-9ae">
         <name>DMA_INT2_IRQHandler</name>
         <value>0x41c9</value>
      </symbol>
      <symbol id="sm-9af">
         <name>DMA_INT1_IRQHandler</name>
         <value>0x41c9</value>
      </symbol>
      <symbol id="sm-9b0">
         <name>DMA_INT0_IRQHandler</name>
         <value>0x41c9</value>
      </symbol>
      <symbol id="sm-9b1">
         <name>PORT1_IRQHandler</name>
         <value>0x41c9</value>
      </symbol>
      <symbol id="sm-9b2">
         <name>PORT2_IRQHandler</name>
         <value>0x41c9</value>
      </symbol>
      <symbol id="sm-9b3">
         <name>PORT3_IRQHandler</name>
         <value>0x41c9</value>
      </symbol>
      <symbol id="sm-9b4">
         <name>PORT4_IRQHandler</name>
         <value>0x41c9</value>
      </symbol>
      <symbol id="sm-9b5">
         <name>PORT5_IRQHandler</name>
         <value>0x41c9</value>
      </symbol>
      <symbol id="sm-9b6">
         <name>PORT6_IRQHandler</name>
         <value>0x41c9</value>
      </symbol>
      <symbol id="sm-9b7">
         <name>remove</name>
         <value>0x4015</value>
      </symbol>
   </symbol_table>
   <title>Link successful</title>
</link_info>
