******************************************************************************
                  TI ARM Linker PC v20.2.5                     
******************************************************************************
>> Linked Tue Jan  4 17:14:38 2022

OUTPUT FILE NAME:   <test1_for_task3.out>
ENTRY POINT SYMBOL: "_c_int00_noargs"  address: 00003f4d


MEMORY CONFIGURATION

         name            origin    length      used     unused   attr    fill
----------------------  --------  ---------  --------  --------  ----  --------
  MAIN                  00000000   00040000  000043a8  0003bc58  R  X
  INFO                  00200000   00004000  00000000  00004000  R  X
  SRAM_CODE             01000000   00010000  000009e4  0000f61c  RW X
  SRAM_DATA             20000000   00010000  000009e4  0000f61c  RW  


SEGMENT ALLOCATION MAP

run origin  load origin   length   init length attrs members
----------  ----------- ---------- ----------- ----- -------
00000000    00000000    000043a8   000043a8    r-x
  00000000    00000000    000000e4   000000e4    r-- .intvecs
  000000e4    000000e4    00004108   00004108    r-x .text
  000041ec    000041ec    00000124   00000124    r-- .const
  00004310    00004310    00000098   00000098    r-- .cinit
20000000    20000000    000007e4   00000000    rw-
  20000000    20000000    00000400   00000000    rw- .sysmem
  20000400    20000400    00000210   00000000    rw- .data
  20000610    20000610    000001d4   00000000    rw- .bss
2000fe00    2000fe00    00000200   00000000    rw-
  2000fe00    2000fe00    00000200   00000000    rw- .stack


SECTION ALLOCATION MAP

 output                                  attributes/
section   page    origin      length       input sections
--------  ----  ----------  ----------   ----------------
.intvecs   0    00000000    000000e4     
                  00000000    000000e4     startup_msp432p401r_ccs.obj (.intvecs:retain)

.text      0    000000e4    00004108     
                  000000e4    00000a4e     rtsv7M4_T_le_v4SPD16_eabi.lib : _printfi.c.obj (.text:__TI_printfi)
                  00000b32    00000002                                   : _lock.c.obj (.text:_nop)
                  00000b34    000006bc     UART0.obj (.text)
                  000011f0    00000334     system_msp432p401r.obj (.text)
                  00001524    00000270     rtsv7M4_T_le_v4SPD16_eabi.lib : _printfi.c.obj (.text:_pconv_a)
                  00001794    00000260     main.obj (.text)
                  000019f4    00000228     PWM.obj (.text)
                  00001c1c    000001ec     Reflectance.obj (.text)
                  00001e08    000001e0     Clock.obj (.text)
                  00001fe8    000001d0     rtsv7M4_T_le_v4SPD16_eabi.lib : _printfi.c.obj (.text:_pconv_g)
                  000021b8    000001b6                                   : fd_add_t2.asm.obj (.text)
                  0000236e    00000002                                   : div0.asm.obj (.text)
                  00002370    0000016c     Motor.obj (.text)
                  000024dc    0000013c     rtsv7M4_T_le_v4SPD16_eabi.lib : _printfi.c.obj (.text:_pconv_e)
                  00002618    00000136                                   : fd_div_t2.asm.obj (.text)
                  0000274e    00000002     --HOLE-- [fill = 0]
                  00002750    00000124                                   : _printfi.c.obj (.text:fcvt)
                  00002874    00000114                                   : fputs.c.obj (.text:fputs)
                  00002988    00000110                                   : fopen.c.obj (.text:_openfile)
                  00002a98    00000110                                   : s_scalbn.c.obj (.text:scalbn)
                  00002ba8    00000100                                   : memory.c.obj (.text:aligned_alloc)
                  00002ca8    000000fc                                   : fd_mul_t2.asm.obj (.text)
                  00002da4    000000e4                                   : memory.c.obj (.text:free)
                  00002e88    000000dc                                   : setvbuf.c.obj (.text:setvbuf)
                  00002f64    000000bc                                   : open.c.obj (.text:open)
                  00003020    000000b8                                   : add_device.c.obj (.text:add_device)
                  000030d8    000000b1                                   : _printfi.c.obj (.text:_ltostr)
                  00003189    00000003     --HOLE-- [fill = 0]
                  0000318c    0000009c                                   : fopen.c.obj (.text:fopen)
                  00003228    0000009c                                   : memcpy_t2.asm.obj (.text)
                  000032c4    00000096                                   : ull_div_t2.asm.obj (.text)
                  0000335a    00000002     --HOLE-- [fill = 0]
                  0000335c    0000008c                                   : fputc.c.obj (.text:fputc)
                  000033e8    00000086                                   : fd_cmp_t2.asm.obj (.text:__aeabi_cdcmple)
                  0000346e    00000086                                   : fd_cmp_t2.asm.obj (.text:__aeabi_cdrcmple)
                  000034f4    0000007a                                   : memset_t2.asm.obj (.text)
                  0000356e    00000002     --HOLE-- [fill = 0]
                  00003570    00000074                                   : fclose.c.obj (.text:__TI_closefile)
                  000035e4    00000070                                   : memory.c.obj (.text:split)
                  00003654    0000006e                                   : _printfi.c.obj (.text:_mcpy)
                  000036c2    00000002     --HOLE-- [fill = 0]
                  000036c4    0000006c                                   : hostrename.c.obj (.text:HOSTrename)
                  00003730    00000068                                   : hostlseek.c.obj (.text:HOSTlseek)
                  00003798    00000068                                   : copy_decompress_lzss.c.obj (.text:decompress:lzss:__TI_decompress_lzss)
                  00003800    00000068                                   : printf.c.obj (.text:printf)
                  00003868    00000064                                   : s_frexp.c.obj (.text:frexp)
                  000038cc    00000064                                   : fseek.c.obj (.text:fseek)
                  00003930    00000062                                   : _io_perm.c.obj (.text:__TI_wrt_ok)
                  00003992    00000002     --HOLE-- [fill = 0]
                  00003994    00000060                                   : hostopen.c.obj (.text:HOSTopen)
                  000039f4    0000005c                                   : close.c.obj (.text:close)
                  00003a50    00000058                                   : hostread.c.obj (.text:HOSTread)
                  00003aa8    00000058                                   : hostwrite.c.obj (.text:HOSTwrite)
                  00003b00    00000056                                   : _printfi.c.obj (.text:_pconv_f)
                  00003b56    00000054                                   : _ltoa.c.obj (.text:__TI_ltoa)
                  00003baa    00000052                                   : _printfi.c.obj (.text:_ecpy)
                  00003bfc    0000004c                                   : fflush.c.obj (.text:__TI_doflush)
                  00003c48    0000004c                                   : atoi.c.obj (.text:atoi)
                  00003c94    00000048                                   : exit.c.obj (.text:exit)
                  00003cdc    00000048                                   : fd_toi_t2.asm.obj (.text)
                  00003d24    00000044                                   : hostclose.c.obj (.text:HOSTclose)
                  00003d68    00000044                                   : hostunlink.c.obj (.text:HOSTunlink)
                  00003dac    00000044                                   : autoinit.c.obj (.text:__TI_auto_init_nobinit_nopinit:__TI_auto_init_nobinit_nopinit)
                  00003df0    00000044                                   : getdevice.c.obj (.text:getdevice)
                  00003e34    0000003e                                   : _printfi.c.obj (.text:_fcpy)
                  00003e72    00000002     --HOLE-- [fill = 0]
                  00003e74    00000038                                   : trgmsg.c.obj (.text:__TI_writemsg)
                  00003eac    00000036                                   : strncpy.c.obj (.text:strncpy)
                  00003ee2    00000002     --HOLE-- [fill = 0]
                  00003ee4    00000034                                   : fopen.c.obj (.text:__TI_cleanup)
                  00003f18    00000034                                   : trgmsg.c.obj (.text:__TI_readmsg)
                  00003f4c    00000034                                   : boot_cortex_m.c.obj (.text:_c_int00_noargs:_c_int00_noargs)
                  00003f80    00000034                                   : fopen.c.obj (.text:freopen)
                  00003fb4    00000030                                   : getdevice.c.obj (.text:finddevice)
                  00003fe4    0000002e                                   : i_tofd_t2.asm.obj (.text)
                  00004012    00000002     --HOLE-- [fill = 0]
                  00004014    0000002c                                   : unlink.c.obj (.text:unlink)
                  00004040    00000028                                   : memory.c.obj (.text:free_list_insert)
                  00004068    00000028                                   : lseek.c.obj (.text:lseek)
                  00004090    00000028                                   : write.c.obj (.text:write)
                  000040b8    00000020                                   : memchr.c.obj (.text:memchr)
                  000040d8    0000001c                                   : copy_zero_init.c.obj (.text:decompress:ZI:__TI_zero_init_nomemset:__TI_zero_init_nomemset)
                  000040f4    0000001c                                   : memory.c.obj (.text:free_list_remove)
                  00004110    0000001c                                   : memccpy.c.obj (.text:memccpy)
                  0000412c    0000001a                                   : s_copysign.c.obj (.text:copysign)
                  00004146    00000018                                   : strcmp.c.obj (.text:strcmp)
                  0000415e    00000016                                   : strchr.c.obj (.text:strchr)
                  00004174    00000014                                   : strcpy.c.obj (.text:strcpy)
                  00004188    00000014                                   : strlen.c.obj (.text:strlen)
                  0000419c    00000012                                   : wcslen.c.obj (.text:wcslen)
                  000041ae    0000000e                                   : copy_decompress_none.c.obj (.text:decompress:none:__TI_decompress_none)
                  000041bc    0000000e     startup_msp432p401r_ccs.obj (.text)
                  000041ca    00000002     --HOLE-- [fill = 0]
                  000041cc    00000008     rtsv7M4_T_le_v4SPD16_eabi.lib : errno.c.obj (.text:__aeabi_errno_addr)
                  000041d4    00000008                                   : memory.c.obj (.text:malloc)
                  000041dc    00000004                                   : printf.c.obj (.text:_outc)
                  000041e0    00000004                                   : printf.c.obj (.text:_outs)
                  000041e4    00000004                                   : pre_init.c.obj (.text:_system_pre_init)
                  000041e8    00000004                                   : exit.c.obj (.text:abort:abort)

.const     0    000041ec    00000124     
                  000041ec    00000101     rtsv7M4_T_le_v4SPD16_eabi.lib : ctype.c.obj (.const:.string:_ctypes_)
                  000042ed    00000003     --HOLE-- [fill = 0]
                  000042f0    00000020     Reflectance.obj (.const:$P$T0$1)

.cinit     0    00004310    00000098     
                  00004310    0000006f     (.cinit..data.load) [load image, compression = lzss]
                  0000437f    00000001     --HOLE-- [fill = 0]
                  00004380    0000000c     (__TI_handler_table)
                  0000438c    00000004     --HOLE-- [fill = 0]
                  00004390    00000008     (.cinit..bss.load) [load image, compression = zero_init]
                  00004398    00000010     (__TI_cinit_table)

.init_array 
*          0    00000000    00000000     UNINITIALIZED

.binit     0    00000000    00000000     

.sysmem    0    20000000    00000400     UNINITIALIZED
                  20000000    00000010     rtsv7M4_T_le_v4SPD16_eabi.lib : memory.c.obj (.sysmem)
                  20000010    000003f0     --HOLE--

.data      0    20000400    00000210     UNINITIALIZED
                  20000400    000000f0     rtsv7M4_T_le_v4SPD16_eabi.lib : defs.c.obj (.data:_ftable)
                  200004f0    00000078                                   : host_device.c.obj (.data:_device)
                  20000568    00000050                                   : host_device.c.obj (.data:_stream)
                  200005b8    00000018     Clock.obj (.data)
                  200005d0    00000010     rtsv7M4_T_le_v4SPD16_eabi.lib : defs.c.obj (.data)
                  200005e0    0000000c                                   : exit.c.obj (.data:$O1$$)
                  200005ec    00000008                                   : _lock.c.obj (.data:$O1$$)
                  200005f4    00000008                                   : memory.c.obj (.data:$O1$$)
                  200005fc    00000004                                   : add_device.c.obj (.data)
                  20000600    00000004                                   : errno.c.obj (.data)
                  20000604    00000004                                   : fopen.c.obj (.data)
                  20000608    00000004                                   : open.c.obj (.data)
                  2000060c    00000004     system_msp432p401r.obj (.data)

.bss       0    20000610    000001d4     UNINITIALIZED
                  20000610    00000120     rtsv7M4_T_le_v4SPD16_eabi.lib : trgmsg.c.obj (.bss:_CIOBUF_)
                  20000730    000000a0     (.common:__TI_tmpnams)
                  200007d0    00000008     (.common:Messageb)
                  200007d8    00000008     (.common:parmbuf)
                  200007e0    00000004     (.common:Messageindexb)

.stack     0    2000fe00    00000200     UNINITIALIZED
                  2000fe00    00000004     rtsv7M4_T_le_v4SPD16_eabi.lib : boot_cortex_m.c.obj (.stack)
                  2000fe04    000001fc     --HOLE--

__llvm_prf_cnts 
*          0    20000000    00000000     UNINITIALIZED

MODULE SUMMARY

       Module                        code    ro data   rw data
       ------                        ----    -------   -------
    .\
       UART0.obj                     1724    0         24     
       system_msp432p401r.obj        820     0         8      
       main.obj                      608     0         0      
       PWM.obj                       552     0         0      
       Clock.obj                     480     0         48     
       Reflectance.obj               492     32        0      
       Motor.obj                     364     0         0      
       startup_msp432p401r_ccs.obj   14      228       0      
    +--+-----------------------------+-------+---------+---------+
       Total:                        5054    260       80     
                                                              
    C:\ti\ccs1100\ccs\tools\compiler\ti-cgt-arm_20.2.5.LTS\lib\rtsv7M4_T_le_v4SPD16_eabi.lib
       _printfi.c.obj                4851    0         0      
       defs.c.obj                    0       0         832    
       memory.c.obj                  672     0         16     
       trgmsg.c.obj                  108     0         576    
       fopen.c.obj                   532     0         8      
       fd_add_t2.asm.obj             438     0         0      
       host_device.c.obj             0       0         400    
       fd_div_t2.asm.obj             310     0         0      
       fputs.c.obj                   276     0         0      
       s_scalbn.c.obj                272     0         0      
       fd_cmp_t2.asm.obj             268     0         0      
       ctype.c.obj                   0       257       0      
       fd_mul_t2.asm.obj             252     0         0      
       setvbuf.c.obj                 220     0         0      
       open.c.obj                    188     0         8      
       add_device.c.obj              184     0         8      
       memcpy_t2.asm.obj             156     0         0      
       ull_div_t2.asm.obj            150     0         0      
       fputc.c.obj                   140     0         0      
       memset_t2.asm.obj             122     0         0      
       fclose.c.obj                  116     0         0      
       getdevice.c.obj               116     0         0      
       hostopen.c.obj                96      0         16     
       printf.c.obj                  112     0         0      
       hostrename.c.obj              108     0         0      
       copy_decompress_lzss.c.obj    104     0         0      
       hostlseek.c.obj               104     0         0      
       exit.c.obj                    76      0         24     
       fseek.c.obj                   100     0         0      
       s_frexp.c.obj                 100     0         0      
       _io_perm.c.obj                98      0         0      
       close.c.obj                   92      0         0      
       hostread.c.obj                88      0         0      
       hostwrite.c.obj               88      0         0      
       _ltoa.c.obj                   84      0         0      
       atoi.c.obj                    76      0         0      
       fflush.c.obj                  76      0         0      
       fd_toi_t2.asm.obj             72      0         0      
       autoinit.c.obj                68      0         0      
       hostclose.c.obj               68      0         0      
       hostunlink.c.obj              68      0         0      
       strncpy.c.obj                 54      0         0      
       boot_cortex_m.c.obj           52      0         0      
       i_tofd_t2.asm.obj             46      0         0      
       unlink.c.obj                  44      0         0      
       lseek.c.obj                   40      0         0      
       write.c.obj                   40      0         0      
       memchr.c.obj                  32      0         0      
       copy_zero_init.c.obj          28      0         0      
       memccpy.c.obj                 28      0         0      
       s_copysign.c.obj              26      0         0      
       strcmp.c.obj                  24      0         0      
       strchr.c.obj                  22      0         0      
       strcpy.c.obj                  20      0         0      
       strlen.c.obj                  20      0         0      
       _lock.c.obj                   2       0         16     
       wcslen.c.obj                  18      0         0      
       errno.c.obj                   8       0         8      
       copy_decompress_none.c.obj    14      0         0      
       pre_init.c.obj                4       0         0      
       div0.asm.obj                  2       0         0      
    +--+-----------------------------+-------+---------+---------+
       Total:                        11573   257       1912   
                                                              
       Heap:                         0       0         2048   
       Stack:                        0       0         1024   
       Linker Generated:             0       147       0      
    +--+-----------------------------+-------+---------+---------+
       Grand Total:                  16627   664       5064   


LINKER GENERATED COPY TABLES

__TI_cinit_table @ 00004398 records: 2, size/record: 8, table size: 16
	.data: load addr=00004310, load size=0000006f bytes, run addr=20000400, run size=00000210 bytes, compression=lzss
	.bss: load addr=00004390, load size=00000008 bytes, run addr=20000610, run size=000001d4 bytes, compression=zero_init


LINKER GENERATED HANDLER TABLE

__TI_handler_table @ 00004380 records: 3, size/record: 4, table size: 12
	index: 0, handler: __TI_decompress_lzss
	index: 1, handler: __TI_decompress_none
	index: 2, handler: __TI_zero_init


GLOBAL SYMBOLS: SORTED ALPHABETICALLY BY Name 

address   name                           
-------   ----                           
000041c9  ADC14_IRQHandler               
000041c9  AES256_IRQHandler              
000041c9  BusFault_Handler               
000041e9  C$$EXIT                        
00003ea3  C$$IO$$                        
000041c9  COMP_E0_IRQHandler             
000041c9  COMP_E1_IRQHandler             
200005c0  CPMwait                        
000041c9  CS_IRQHandler                  
200005b8  ClockFrequency                 
00001f5d  Clock_Delay1ms                 
00001f33  Clock_Delay1us                 
00001f1f  Clock_GetFreq                  
00001e09  Clock_Init48MHz                
200005cc  Crystalstable                  
000041c9  DMA_ERR_IRQHandler             
000041c9  DMA_INT0_IRQHandler            
000041c9  DMA_INT1_IRQHandler            
000041c9  DMA_INT2_IRQHandler            
000041c9  DMA_INT3_IRQHandler            
000041c9  DebugMon_Handler               
000041c9  Default_Handler                
000041c9  EUSCIA0_IRQHandler             
000041c9  EUSCIA1_IRQHandler             
000041c9  EUSCIA2_IRQHandler             
000041c9  EUSCIA3_IRQHandler             
000041c9  EUSCIB0_IRQHandler             
000041c9  EUSCIB1_IRQHandler             
000041c9  EUSCIB2_IRQHandler             
000041c9  EUSCIB3_IRQHandler             
000041c9  FLCTL_IRQHandler               
000041c9  FPU_IRQHandler                 
00003d25  HOSTclose                      
00003731  HOSTlseek                      
00003995  HOSTopen                       
00003a51  HOSTread                       
000036c5  HOSTrename                     
00003d69  HOSTunlink                     
00003aa9  HOSTwrite                      
000041c9  HardFault_Handler              
200005c8  IFlags                         
000041c9  MemManage_Handler              
200007d0  Messageb                       
200007e0  Messageindexb                  
00002487  Motor_Backward                 
000023e3  Motor_Forward                  
00002371  Motor_Init                     
0000244d  Motor_Left                     
00002413  Motor_Right                    
000023c3  Motor_Stop                     
000041c9  NMI_Handler                    
000041c9  PCM_IRQHandler                 
000041c9  PORT1_IRQHandler               
000041c9  PORT2_IRQHandler               
000041c9  PORT3_IRQHandler               
000041c9  PORT4_IRQHandler               
000041c9  PORT5_IRQHandler               
000041c9  PORT6_IRQHandler               
000041c9  PSS_IRQHandler                 
00001adf  PWM_Duty1                      
00001aff  PWM_Duty2                      
00001ba3  PWM_Duty3                      
00001bc3  PWM_Duty4                      
000019f5  PWM_Init1                      
00001a5b  PWM_Init12                     
00001b1f  PWM_Init34                     
000041c9  PendSV_Handler                 
00001795  Port2_Init                     
000017b5  Port2_Output                   
200005c4  Postwait                       
200005bc  Prewait                        
000041c9  RTC_C_IRQHandler               
00001c8d  Reflectance_Center             
00001dd3  Reflectance_End                
00001c1d  Reflectance_Init               
00001ccf  Reflectance_Position           
00001c3d  Reflectance_Read               
00001da1  Reflectance_Start              
000041bd  Reset_Handler                  
000041c9  SVC_Handler                    
000041c9  SysTick_Handler                
2000060c  SystemCoreClock                
000011f1  SystemCoreClockUpdate          
00001469  SystemInit                     
000041c9  T32_INT1_IRQHandler            
000041c9  T32_INT2_IRQHandler            
000041c9  T32_INTC_IRQHandler            
000041c9  TA0_0_IRQHandler               
000041c9  TA0_N_IRQHandler               
000041c9  TA1_0_IRQHandler               
000041c9  TA1_N_IRQHandler               
000041c9  TA2_0_IRQHandler               
000041c9  TA2_N_IRQHandler               
000041c9  TA3_0_IRQHandler               
000041c9  TA3_N_IRQHandler               
00000b7b  UART0_InChar                   
00001005  UART0_InString                 
00000bc5  UART0_InUDec                   
00000eb9  UART0_InUHex                   
00000b35  UART0_Init                     
00001165  UART0_Initprintf               
00000b8b  UART0_OutChar                  
00000ba7  UART0_OutString                
00000c49  UART0_OutUDec                  
00000db5  UART0_OutUDec4                 
00000e09  UART0_OutUDec5                 
00000e45  UART0_OutUFix1                 
00000e6d  UART0_OutUFix2                 
00000f7d  UART0_OutUHex                  
00000fe9  UART0_OutUHex2                 
000041c9  UsageFault_Handler             
4000480c  WDTCTL_SYM                     
000041c9  WDT_A_IRQHandler               
20000610  __CIOBUF_                      
20010000  __STACK_END                    
00000200  __STACK_SIZE                   
00000400  __SYSMEM_SIZE                  
00004398  __TI_CINIT_Base                
000043a8  __TI_CINIT_Limit               
00004380  __TI_Handler_Table_Base        
0000438c  __TI_Handler_Table_Limit       
00003dad  __TI_auto_init_nobinit_nopinit 
00003ee5  __TI_cleanup                   
200005e0  __TI_cleanup_ptr               
00003571  __TI_closefile                 
00003799  __TI_decompress_lzss           
000041af  __TI_decompress_none           
00003bfd  __TI_doflush                   
200005e4  __TI_dtors_ptr                 
200005e8  __TI_enable_exit_profile_output
200005d0  __TI_ft_end                    
00003b57  __TI_ltoa                      
ffffffff  __TI_pprof_out_hndl            
000000e5  __TI_printfi                   
ffffffff  __TI_prof_data_size            
ffffffff  __TI_prof_data_start           
00003f19  __TI_readmsg                   
00000000  __TI_static_base__             
20000730  __TI_tmpnams                   
00003e75  __TI_writemsg                  
00003931  __TI_wrt_ok                    
000040d9  __TI_zero_init_nomemset        
000033e9  __aeabi_cdcmpeq                
000033e9  __aeabi_cdcmple                
0000346f  __aeabi_cdrcmple               
00003cdd  __aeabi_d2iz                   
000021c3  __aeabi_dadd                   
00002619  __aeabi_ddiv                   
00002ca9  __aeabi_dmul                   
000021b9  __aeabi_dsub                   
000041cd  __aeabi_errno_addr             
00003fe5  __aeabi_i2d                    
0000236f  __aeabi_idiv0                  
0000236f  __aeabi_ldiv0                  
000034f5  __aeabi_memclr                 
000034f5  __aeabi_memclr4                
000034f5  __aeabi_memclr8                
00003229  __aeabi_memcpy                 
00003229  __aeabi_memcpy4                
00003229  __aeabi_memcpy8                
000034f7  __aeabi_memset                 
000034f7  __aeabi_memset4                
000034f7  __aeabi_memset8                
200005dc  __aeabi_stderr                 
200005d4  __aeabi_stdin                  
200005d8  __aeabi_stdout                 
000032c5  __aeabi_uldivmod               
ffffffff  __binit__                      
ffffffff  __c_args__                     
UNDEFED   __mpu_init                     
2000fe00  __stack                        
20000000  __start___llvm_prf_cnts        
20000000  __stop___llvm_prf_cnts         
00003f4d  _c_int00_noargs                
000041ec  _ctypes_                       
200004f0  _device                        
20000400  _ftable                        
200005ec  _lock                          
00000b33  _nop                           
20000568  _stream                        
20000000  _sys_memory                    
UNDEFED   _system_post_cinit             
000041e5  _system_pre_init               
200005f0  _unlock                        
000041e9  abort                          
00003021  add_device                     
00002ba9  aligned_alloc                  
00003c49  atoi                           
ffffffff  binit                          
000039f5  close                          
0000412d  copysign                       
0000412d  copysignl                      
00001f25  delay                          
20000600  errno                          
00003c95  exit                           
0000109f  ferror                         
0000107f  fgetc                          
00003fb5  finddevice                     
0000318d  fopen                          
0000335d  fputc                          
00002875  fputs                          
00002da5  free                           
00003f81  freopen                        
00003869  frexp                          
00003869  frexpl                         
000038cd  fseek                          
00003df1  getdevice                      
00000000  interruptVectors               
00002a99  ldexp                          
00002a99  ldexpl                         
00004069  lseek                          
000017c9  main                           
000041d5  malloc                         
00002ba9  memalign                       
00004111  memccpy                        
000040b9  memchr                         
00003229  memcpy                         
000034fd  memset                         
00002f65  open                           
00000fc1  outnibble                      
200007d8  parmbuf                        
00003801  printf                         
0000335d  putc                           
00004015  remove                         
00002a99  scalbn                         
00002a99  scalbnl                        
00002e89  setvbuf                        
0000415f  strchr                         
00004147  strcmp                         
00004175  strcpy                         
00004189  strlen                         
00003ead  strncpy                        
000010bd  uart_close                     
0000113b  uart_lseek                     
000010ad  uart_open                      
000010cf  uart_read                      
00001157  uart_rename                    
0000114b  uart_unlink                    
000010f9  uart_write                     
00004015  unlink                         
0000419d  wcslen                         
00004091  write                          


GLOBAL SYMBOLS: SORTED BY Symbol Address 

address   name                           
-------   ----                           
00000000  __TI_static_base__             
00000000  interruptVectors               
000000e5  __TI_printfi                   
00000200  __STACK_SIZE                   
00000400  __SYSMEM_SIZE                  
00000b33  _nop                           
00000b35  UART0_Init                     
00000b7b  UART0_InChar                   
00000b8b  UART0_OutChar                  
00000ba7  UART0_OutString                
00000bc5  UART0_InUDec                   
00000c49  UART0_OutUDec                  
00000db5  UART0_OutUDec4                 
00000e09  UART0_OutUDec5                 
00000e45  UART0_OutUFix1                 
00000e6d  UART0_OutUFix2                 
00000eb9  UART0_InUHex                   
00000f7d  UART0_OutUHex                  
00000fc1  outnibble                      
00000fe9  UART0_OutUHex2                 
00001005  UART0_InString                 
0000107f  fgetc                          
0000109f  ferror                         
000010ad  uart_open                      
000010bd  uart_close                     
000010cf  uart_read                      
000010f9  uart_write                     
0000113b  uart_lseek                     
0000114b  uart_unlink                    
00001157  uart_rename                    
00001165  UART0_Initprintf               
000011f1  SystemCoreClockUpdate          
00001469  SystemInit                     
00001795  Port2_Init                     
000017b5  Port2_Output                   
000017c9  main                           
000019f5  PWM_Init1                      
00001a5b  PWM_Init12                     
00001adf  PWM_Duty1                      
00001aff  PWM_Duty2                      
00001b1f  PWM_Init34                     
00001ba3  PWM_Duty3                      
00001bc3  PWM_Duty4                      
00001c1d  Reflectance_Init               
00001c3d  Reflectance_Read               
00001c8d  Reflectance_Center             
00001ccf  Reflectance_Position           
00001da1  Reflectance_Start              
00001dd3  Reflectance_End                
00001e09  Clock_Init48MHz                
00001f1f  Clock_GetFreq                  
00001f25  delay                          
00001f33  Clock_Delay1us                 
00001f5d  Clock_Delay1ms                 
000021b9  __aeabi_dsub                   
000021c3  __aeabi_dadd                   
0000236f  __aeabi_idiv0                  
0000236f  __aeabi_ldiv0                  
00002371  Motor_Init                     
000023c3  Motor_Stop                     
000023e3  Motor_Forward                  
00002413  Motor_Right                    
0000244d  Motor_Left                     
00002487  Motor_Backward                 
00002619  __aeabi_ddiv                   
00002875  fputs                          
00002a99  ldexp                          
00002a99  ldexpl                         
00002a99  scalbn                         
00002a99  scalbnl                        
00002ba9  aligned_alloc                  
00002ba9  memalign                       
00002ca9  __aeabi_dmul                   
00002da5  free                           
00002e89  setvbuf                        
00002f65  open                           
00003021  add_device                     
0000318d  fopen                          
00003229  __aeabi_memcpy                 
00003229  __aeabi_memcpy4                
00003229  __aeabi_memcpy8                
00003229  memcpy                         
000032c5  __aeabi_uldivmod               
0000335d  fputc                          
0000335d  putc                           
000033e9  __aeabi_cdcmpeq                
000033e9  __aeabi_cdcmple                
0000346f  __aeabi_cdrcmple               
000034f5  __aeabi_memclr                 
000034f5  __aeabi_memclr4                
000034f5  __aeabi_memclr8                
000034f7  __aeabi_memset                 
000034f7  __aeabi_memset4                
000034f7  __aeabi_memset8                
000034fd  memset                         
00003571  __TI_closefile                 
000036c5  HOSTrename                     
00003731  HOSTlseek                      
00003799  __TI_decompress_lzss           
00003801  printf                         
00003869  frexp                          
00003869  frexpl                         
000038cd  fseek                          
00003931  __TI_wrt_ok                    
00003995  HOSTopen                       
000039f5  close                          
00003a51  HOSTread                       
00003aa9  HOSTwrite                      
00003b57  __TI_ltoa                      
00003bfd  __TI_doflush                   
00003c49  atoi                           
00003c95  exit                           
00003cdd  __aeabi_d2iz                   
00003d25  HOSTclose                      
00003d69  HOSTunlink                     
00003dad  __TI_auto_init_nobinit_nopinit 
00003df1  getdevice                      
00003e75  __TI_writemsg                  
00003ea3  C$$IO$$                        
00003ead  strncpy                        
00003ee5  __TI_cleanup                   
00003f19  __TI_readmsg                   
00003f4d  _c_int00_noargs                
00003f81  freopen                        
00003fb5  finddevice                     
00003fe5  __aeabi_i2d                    
00004015  remove                         
00004015  unlink                         
00004069  lseek                          
00004091  write                          
000040b9  memchr                         
000040d9  __TI_zero_init_nomemset        
00004111  memccpy                        
0000412d  copysign                       
0000412d  copysignl                      
00004147  strcmp                         
0000415f  strchr                         
00004175  strcpy                         
00004189  strlen                         
0000419d  wcslen                         
000041af  __TI_decompress_none           
000041bd  Reset_Handler                  
000041c9  ADC14_IRQHandler               
000041c9  AES256_IRQHandler              
000041c9  BusFault_Handler               
000041c9  COMP_E0_IRQHandler             
000041c9  COMP_E1_IRQHandler             
000041c9  CS_IRQHandler                  
000041c9  DMA_ERR_IRQHandler             
000041c9  DMA_INT0_IRQHandler            
000041c9  DMA_INT1_IRQHandler            
000041c9  DMA_INT2_IRQHandler            
000041c9  DMA_INT3_IRQHandler            
000041c9  DebugMon_Handler               
000041c9  Default_Handler                
000041c9  EUSCIA0_IRQHandler             
000041c9  EUSCIA1_IRQHandler             
000041c9  EUSCIA2_IRQHandler             
000041c9  EUSCIA3_IRQHandler             
000041c9  EUSCIB0_IRQHandler             
000041c9  EUSCIB1_IRQHandler             
000041c9  EUSCIB2_IRQHandler             
000041c9  EUSCIB3_IRQHandler             
000041c9  FLCTL_IRQHandler               
000041c9  FPU_IRQHandler                 
000041c9  HardFault_Handler              
000041c9  MemManage_Handler              
000041c9  NMI_Handler                    
000041c9  PCM_IRQHandler                 
000041c9  PORT1_IRQHandler               
000041c9  PORT2_IRQHandler               
000041c9  PORT3_IRQHandler               
000041c9  PORT4_IRQHandler               
000041c9  PORT5_IRQHandler               
000041c9  PORT6_IRQHandler               
000041c9  PSS_IRQHandler                 
000041c9  PendSV_Handler                 
000041c9  RTC_C_IRQHandler               
000041c9  SVC_Handler                    
000041c9  SysTick_Handler                
000041c9  T32_INT1_IRQHandler            
000041c9  T32_INT2_IRQHandler            
000041c9  T32_INTC_IRQHandler            
000041c9  TA0_0_IRQHandler               
000041c9  TA0_N_IRQHandler               
000041c9  TA1_0_IRQHandler               
000041c9  TA1_N_IRQHandler               
000041c9  TA2_0_IRQHandler               
000041c9  TA2_N_IRQHandler               
000041c9  TA3_0_IRQHandler               
000041c9  TA3_N_IRQHandler               
000041c9  UsageFault_Handler             
000041c9  WDT_A_IRQHandler               
000041cd  __aeabi_errno_addr             
000041d5  malloc                         
000041e5  _system_pre_init               
000041e9  C$$EXIT                        
000041e9  abort                          
000041ec  _ctypes_                       
00004380  __TI_Handler_Table_Base        
0000438c  __TI_Handler_Table_Limit       
00004398  __TI_CINIT_Base                
000043a8  __TI_CINIT_Limit               
20000000  __start___llvm_prf_cnts        
20000000  __stop___llvm_prf_cnts         
20000000  _sys_memory                    
20000400  _ftable                        
200004f0  _device                        
20000568  _stream                        
200005b8  ClockFrequency                 
200005bc  Prewait                        
200005c0  CPMwait                        
200005c4  Postwait                       
200005c8  IFlags                         
200005cc  Crystalstable                  
200005d0  __TI_ft_end                    
200005d4  __aeabi_stdin                  
200005d8  __aeabi_stdout                 
200005dc  __aeabi_stderr                 
200005e0  __TI_cleanup_ptr               
200005e4  __TI_dtors_ptr                 
200005e8  __TI_enable_exit_profile_output
200005ec  _lock                          
200005f0  _unlock                        
20000600  errno                          
2000060c  SystemCoreClock                
20000610  __CIOBUF_                      
20000730  __TI_tmpnams                   
200007d0  Messageb                       
200007d8  parmbuf                        
200007e0  Messageindexb                  
2000fe00  __stack                        
20010000  __STACK_END                    
4000480c  WDTCTL_SYM                     
ffffffff  __TI_pprof_out_hndl            
ffffffff  __TI_prof_data_size            
ffffffff  __TI_prof_data_start           
ffffffff  __binit__                      
ffffffff  __c_args__                     
ffffffff  binit                          
UNDEFED   __mpu_init                     
UNDEFED   _system_post_cinit             

[242 symbols]
