******************************************************************************
                  TI ARM Linker PC v20.2.5                     
******************************************************************************
>> Linked Mon Jan  3 17:23:10 2022

OUTPUT FILE NAME:   <test2_for_task3.out>
ENTRY POINT SYMBOL: "_c_int00_noargs"  address: 00003d81


MEMORY CONFIGURATION

         name            origin    length      used     unused   attr    fill
----------------------  --------  ---------  --------  --------  ----  --------
  MAIN                  00000000   00040000  000041dc  0003be24  R  X
  INFO                  00200000   00004000  00000000  00004000  R  X
  SRAM_CODE             01000000   00010000  000009e4  0000f61c  RW X
  SRAM_DATA             20000000   00010000  000009e4  0000f61c  RW  


SEGMENT ALLOCATION MAP

run origin  load origin   length   init length attrs members
----------  ----------- ---------- ----------- ----- -------
00000000    00000000    000041e0   000041e0    r-x
  00000000    00000000    000000e4   000000e4    r-- .intvecs
  000000e4    000000e4    00003f3c   00003f3c    r-x .text
  00004020    00004020    00000124   00000124    r-- .const
  00004148    00004148    00000098   00000098    r-- .cinit
20000000    20000000    000007e4   00000000    rw-
  20000000    20000000    00000400   00000000    rw- .sysmem
  20000400    20000400    00000210   00000000    rw- .data
  20000610    20000610    000001d4   00000000    rw- .bss
2000fe00    2000fe00    00000200   00000000    rw-
  2000fe00    2000fe00    00000200   00000000    rw- .stack


SECTION ALLOCATION MAP

 output                                  attributes/
section   page    origin      length       input sections
--------  ----  ----------  ----------   ----------------
.intvecs   0    00000000    000000e4     
                  00000000    000000e4     startup_msp432p401r_ccs.obj (.intvecs:retain)

.text      0    000000e4    00003f3c     
                  000000e4    00000a4e     rtsv7M4_T_le_v4SPD16_eabi.lib : _printfi.c.obj (.text:__TI_printfi)
                  00000b32    00000002                                   : _lock.c.obj (.text:_nop)
                  00000b34    000006bc     UART0.obj (.text)
                  000011f0    00000334     system_msp432p401r.obj (.text)
                  00001524    00000270     rtsv7M4_T_le_v4SPD16_eabi.lib : _printfi.c.obj (.text:_pconv_a)
                  00001794    00000228     PWM.obj (.text)
                  000019bc    000001ec     Reflectance.obj (.text)
                  00001ba8    000001e0     Clock.obj (.text)
                  00001d88    000001d0     rtsv7M4_T_le_v4SPD16_eabi.lib : _printfi.c.obj (.text:_pconv_g)
                  00001f58    000001b6                                   : fd_add_t2.asm.obj (.text)
                  0000210e    00000002                                   : div0.asm.obj (.text)
                  00002110    0000016c     Motor.obj (.text)
                  0000227c    0000013c     rtsv7M4_T_le_v4SPD16_eabi.lib : _printfi.c.obj (.text:_pconv_e)
                  000023b8    00000136                                   : fd_div_t2.asm.obj (.text)
                  000024ee    00000002     --HOLE-- [fill = 0]
                  000024f0    00000124                                   : _printfi.c.obj (.text:fcvt)
                  00002614    00000114                                   : fputs.c.obj (.text:fputs)
                  00002728    00000110                                   : fopen.c.obj (.text:_openfile)
                  00002838    00000110                                   : s_scalbn.c.obj (.text:scalbn)
                  00002948    00000100                                   : memory.c.obj (.text:aligned_alloc)
                  00002a48    000000fc                                   : fd_mul_t2.asm.obj (.text)
                  00002b44    000000e4                                   : memory.c.obj (.text:free)
                  00002c28    000000dc                                   : setvbuf.c.obj (.text:setvbuf)
                  00002d04    000000bc                                   : open.c.obj (.text:open)
                  00002dc0    000000b8                                   : add_device.c.obj (.text:add_device)
                  00002e78    000000b1                                   : _printfi.c.obj (.text:_ltostr)
                  00002f29    00000003     --HOLE-- [fill = 0]
                  00002f2c    0000009c                                   : fopen.c.obj (.text:fopen)
                  00002fc8    0000009c                                   : memcpy_t2.asm.obj (.text)
                  00003064    00000096                                   : ull_div_t2.asm.obj (.text)
                  000030fa    00000002     --HOLE-- [fill = 0]
                  000030fc    00000094     main.obj (.text)
                  00003190    0000008c     rtsv7M4_T_le_v4SPD16_eabi.lib : fputc.c.obj (.text:fputc)
                  0000321c    00000086                                   : fd_cmp_t2.asm.obj (.text:__aeabi_cdcmple)
                  000032a2    00000086                                   : fd_cmp_t2.asm.obj (.text:__aeabi_cdrcmple)
                  00003328    0000007a                                   : memset_t2.asm.obj (.text)
                  000033a2    00000002     --HOLE-- [fill = 0]
                  000033a4    00000074                                   : fclose.c.obj (.text:__TI_closefile)
                  00003418    00000070                                   : memory.c.obj (.text:split)
                  00003488    0000006e                                   : _printfi.c.obj (.text:_mcpy)
                  000034f6    00000002     --HOLE-- [fill = 0]
                  000034f8    0000006c                                   : hostrename.c.obj (.text:HOSTrename)
                  00003564    00000068                                   : hostlseek.c.obj (.text:HOSTlseek)
                  000035cc    00000068                                   : copy_decompress_lzss.c.obj (.text:decompress:lzss:__TI_decompress_lzss)
                  00003634    00000068                                   : printf.c.obj (.text:printf)
                  0000369c    00000064                                   : s_frexp.c.obj (.text:frexp)
                  00003700    00000064                                   : fseek.c.obj (.text:fseek)
                  00003764    00000062                                   : _io_perm.c.obj (.text:__TI_wrt_ok)
                  000037c6    00000002     --HOLE-- [fill = 0]
                  000037c8    00000060                                   : hostopen.c.obj (.text:HOSTopen)
                  00003828    0000005c                                   : close.c.obj (.text:close)
                  00003884    00000058                                   : hostread.c.obj (.text:HOSTread)
                  000038dc    00000058                                   : hostwrite.c.obj (.text:HOSTwrite)
                  00003934    00000056                                   : _printfi.c.obj (.text:_pconv_f)
                  0000398a    00000054                                   : _ltoa.c.obj (.text:__TI_ltoa)
                  000039de    00000052                                   : _printfi.c.obj (.text:_ecpy)
                  00003a30    0000004c                                   : fflush.c.obj (.text:__TI_doflush)
                  00003a7c    0000004c                                   : atoi.c.obj (.text:atoi)
                  00003ac8    00000048                                   : exit.c.obj (.text:exit)
                  00003b10    00000048                                   : fd_toi_t2.asm.obj (.text)
                  00003b58    00000044                                   : hostclose.c.obj (.text:HOSTclose)
                  00003b9c    00000044                                   : hostunlink.c.obj (.text:HOSTunlink)
                  00003be0    00000044                                   : autoinit.c.obj (.text:__TI_auto_init_nobinit_nopinit:__TI_auto_init_nobinit_nopinit)
                  00003c24    00000044                                   : getdevice.c.obj (.text:getdevice)
                  00003c68    0000003e                                   : _printfi.c.obj (.text:_fcpy)
                  00003ca6    00000002     --HOLE-- [fill = 0]
                  00003ca8    00000038                                   : trgmsg.c.obj (.text:__TI_writemsg)
                  00003ce0    00000036                                   : strncpy.c.obj (.text:strncpy)
                  00003d16    00000002     --HOLE-- [fill = 0]
                  00003d18    00000034                                   : fopen.c.obj (.text:__TI_cleanup)
                  00003d4c    00000034                                   : trgmsg.c.obj (.text:__TI_readmsg)
                  00003d80    00000034                                   : boot_cortex_m.c.obj (.text:_c_int00_noargs:_c_int00_noargs)
                  00003db4    00000034                                   : fopen.c.obj (.text:freopen)
                  00003de8    00000030                                   : getdevice.c.obj (.text:finddevice)
                  00003e18    0000002e                                   : i_tofd_t2.asm.obj (.text)
                  00003e46    00000002     --HOLE-- [fill = 0]
                  00003e48    0000002c                                   : unlink.c.obj (.text:unlink)
                  00003e74    00000028                                   : memory.c.obj (.text:free_list_insert)
                  00003e9c    00000028                                   : lseek.c.obj (.text:lseek)
                  00003ec4    00000028                                   : write.c.obj (.text:write)
                  00003eec    00000020                                   : memchr.c.obj (.text:memchr)
                  00003f0c    0000001c                                   : copy_zero_init.c.obj (.text:decompress:ZI:__TI_zero_init_nomemset:__TI_zero_init_nomemset)
                  00003f28    0000001c                                   : memory.c.obj (.text:free_list_remove)
                  00003f44    0000001c                                   : memccpy.c.obj (.text:memccpy)
                  00003f60    0000001a                                   : s_copysign.c.obj (.text:copysign)
                  00003f7a    00000018                                   : strcmp.c.obj (.text:strcmp)
                  00003f92    00000016                                   : strchr.c.obj (.text:strchr)
                  00003fa8    00000014                                   : strcpy.c.obj (.text:strcpy)
                  00003fbc    00000014                                   : strlen.c.obj (.text:strlen)
                  00003fd0    00000012                                   : wcslen.c.obj (.text:wcslen)
                  00003fe2    0000000e                                   : copy_decompress_none.c.obj (.text:decompress:none:__TI_decompress_none)
                  00003ff0    0000000e     startup_msp432p401r_ccs.obj (.text)
                  00003ffe    00000002     --HOLE-- [fill = 0]
                  00004000    00000008     rtsv7M4_T_le_v4SPD16_eabi.lib : errno.c.obj (.text:__aeabi_errno_addr)
                  00004008    00000008                                   : memory.c.obj (.text:malloc)
                  00004010    00000004                                   : printf.c.obj (.text:_outc)
                  00004014    00000004                                   : printf.c.obj (.text:_outs)
                  00004018    00000004                                   : pre_init.c.obj (.text:_system_pre_init)
                  0000401c    00000004                                   : exit.c.obj (.text:abort:abort)

.const     0    00004020    00000124     
                  00004020    00000101     rtsv7M4_T_le_v4SPD16_eabi.lib : ctype.c.obj (.const:.string:_ctypes_)
                  00004121    00000003     --HOLE-- [fill = 0]
                  00004124    00000020     Reflectance.obj (.const:$P$T0$1)

.cinit     0    00004148    00000098     
                  00004148    0000006f     (.cinit..data.load) [load image, compression = lzss]
                  000041b7    00000001     --HOLE-- [fill = 0]
                  000041b8    0000000c     (__TI_handler_table)
                  000041c4    00000004     --HOLE-- [fill = 0]
                  000041c8    00000008     (.cinit..bss.load) [load image, compression = zero_init]
                  000041d0    00000010     (__TI_cinit_table)

.init_array 
*          0    00000000    00000000     UNINITIALIZED

.binit     0    00000000    00000000     

.sysmem    0    20000000    00000400     UNINITIALIZED
                  20000000    00000010     rtsv7M4_T_le_v4SPD16_eabi.lib : memory.c.obj (.sysmem)
                  20000010    000003f0     --HOLE--

.data      0    20000400    00000210     UNINITIALIZED
                  20000400    000000f0     rtsv7M4_T_le_v4SPD16_eabi.lib : defs.c.obj (.data:_ftable)
                  200004f0    00000078                                   : host_device.c.obj (.data:_device)
                  20000568    00000050                                   : host_device.c.obj (.data:_stream)
                  200005b8    00000018     Clock.obj (.data)
                  200005d0    00000010     rtsv7M4_T_le_v4SPD16_eabi.lib : defs.c.obj (.data)
                  200005e0    0000000c                                   : exit.c.obj (.data:$O1$$)
                  200005ec    00000008                                   : _lock.c.obj (.data:$O1$$)
                  200005f4    00000008                                   : memory.c.obj (.data:$O1$$)
                  200005fc    00000004                                   : add_device.c.obj (.data)
                  20000600    00000004                                   : errno.c.obj (.data)
                  20000604    00000004                                   : fopen.c.obj (.data)
                  20000608    00000004                                   : open.c.obj (.data)
                  2000060c    00000004     system_msp432p401r.obj (.data)

.bss       0    20000610    000001d4     UNINITIALIZED
                  20000610    00000120     rtsv7M4_T_le_v4SPD16_eabi.lib : trgmsg.c.obj (.bss:_CIOBUF_)
                  20000730    000000a0     (.common:__TI_tmpnams)
                  200007d0    00000008     (.common:Messageb)
                  200007d8    00000008     (.common:parmbuf)
                  200007e0    00000004     (.common:Messageindexb)

.stack     0    2000fe00    00000200     UNINITIALIZED
                  2000fe00    00000004     rtsv7M4_T_le_v4SPD16_eabi.lib : boot_cortex_m.c.obj (.stack)
                  2000fe04    000001fc     --HOLE--

__llvm_prf_cnts 
*          0    20000000    00000000     UNINITIALIZED

MODULE SUMMARY

       Module                        code    ro data   rw data
       ------                        ----    -------   -------
    .\
       UART0.obj                     1724    0         24     
       system_msp432p401r.obj        820     0         8      
       PWM.obj                       552     0         0      
       Clock.obj                     480     0         48     
       Reflectance.obj               492     32        0      
       Motor.obj                     364     0         0      
       startup_msp432p401r_ccs.obj   14      228       0      
       main.obj                      148     0         0      
    +--+-----------------------------+-------+---------+---------+
       Total:                        4594    260       80     
                                                              
    C:\ti\ccs1100\ccs\tools\compiler\ti-cgt-arm_20.2.5.LTS\lib\rtsv7M4_T_le_v4SPD16_eabi.lib
       _printfi.c.obj                4851    0         0      
       defs.c.obj                    0       0         832    
       memory.c.obj                  672     0         16     
       trgmsg.c.obj                  108     0         576    
       fopen.c.obj                   532     0         8      
       fd_add_t2.asm.obj             438     0         0      
       host_device.c.obj             0       0         400    
       fd_div_t2.asm.obj             310     0         0      
       fputs.c.obj                   276     0         0      
       s_scalbn.c.obj                272     0         0      
       fd_cmp_t2.asm.obj             268     0         0      
       ctype.c.obj                   0       257       0      
       fd_mul_t2.asm.obj             252     0         0      
       setvbuf.c.obj                 220     0         0      
       open.c.obj                    188     0         8      
       add_device.c.obj              184     0         8      
       memcpy_t2.asm.obj             156     0         0      
       ull_div_t2.asm.obj            150     0         0      
       fputc.c.obj                   140     0         0      
       memset_t2.asm.obj             122     0         0      
       fclose.c.obj                  116     0         0      
       getdevice.c.obj               116     0         0      
       hostopen.c.obj                96      0         16     
       printf.c.obj                  112     0         0      
       hostrename.c.obj              108     0         0      
       copy_decompress_lzss.c.obj    104     0         0      
       hostlseek.c.obj               104     0         0      
       exit.c.obj                    76      0         24     
       fseek.c.obj                   100     0         0      
       s_frexp.c.obj                 100     0         0      
       _io_perm.c.obj                98      0         0      
       close.c.obj                   92      0         0      
       hostread.c.obj                88      0         0      
       hostwrite.c.obj               88      0         0      
       _ltoa.c.obj                   84      0         0      
       atoi.c.obj                    76      0         0      
       fflush.c.obj                  76      0         0      
       fd_toi_t2.asm.obj             72      0         0      
       autoinit.c.obj                68      0         0      
       hostclose.c.obj               68      0         0      
       hostunlink.c.obj              68      0         0      
       strncpy.c.obj                 54      0         0      
       boot_cortex_m.c.obj           52      0         0      
       i_tofd_t2.asm.obj             46      0         0      
       unlink.c.obj                  44      0         0      
       lseek.c.obj                   40      0         0      
       write.c.obj                   40      0         0      
       memchr.c.obj                  32      0         0      
       copy_zero_init.c.obj          28      0         0      
       memccpy.c.obj                 28      0         0      
       s_copysign.c.obj              26      0         0      
       strcmp.c.obj                  24      0         0      
       strchr.c.obj                  22      0         0      
       strcpy.c.obj                  20      0         0      
       strlen.c.obj                  20      0         0      
       _lock.c.obj                   2       0         16     
       wcslen.c.obj                  18      0         0      
       errno.c.obj                   8       0         8      
       copy_decompress_none.c.obj    14      0         0      
       pre_init.c.obj                4       0         0      
       div0.asm.obj                  2       0         0      
    +--+-----------------------------+-------+---------+---------+
       Total:                        11573   257       1912   
                                                              
       Heap:                         0       0         2048   
       Stack:                        0       0         1024   
       Linker Generated:             0       147       0      
    +--+-----------------------------+-------+---------+---------+
       Grand Total:                  16167   664       5064   


LINKER GENERATED COPY TABLES

__TI_cinit_table @ 000041d0 records: 2, size/record: 8, table size: 16
	.data: load addr=00004148, load size=0000006f bytes, run addr=20000400, run size=00000210 bytes, compression=lzss
	.bss: load addr=000041c8, load size=00000008 bytes, run addr=20000610, run size=000001d4 bytes, compression=zero_init


LINKER GENERATED HANDLER TABLE

__TI_handler_table @ 000041b8 records: 3, size/record: 4, table size: 12
	index: 0, handler: __TI_decompress_lzss
	index: 1, handler: __TI_decompress_none
	index: 2, handler: __TI_zero_init


GLOBAL SYMBOLS: SORTED ALPHABETICALLY BY Name 

address   name                           
-------   ----                           
00003ffd  ADC14_IRQHandler               
00003ffd  AES256_IRQHandler              
00003ffd  BusFault_Handler               
0000401d  C$$EXIT                        
00003cd7  C$$IO$$                        
00003ffd  COMP_E0_IRQHandler             
00003ffd  COMP_E1_IRQHandler             
200005c0  CPMwait                        
00003ffd  CS_IRQHandler                  
200005b8  ClockFrequency                 
00001cfd  Clock_Delay1ms                 
00001cd3  Clock_Delay1us                 
00001cbf  Clock_GetFreq                  
00001ba9  Clock_Init48MHz                
200005cc  Crystalstable                  
00003ffd  DMA_ERR_IRQHandler             
00003ffd  DMA_INT0_IRQHandler            
00003ffd  DMA_INT1_IRQHandler            
00003ffd  DMA_INT2_IRQHandler            
00003ffd  DMA_INT3_IRQHandler            
00003ffd  DebugMon_Handler               
00003ffd  Default_Handler                
00003ffd  EUSCIA0_IRQHandler             
00003ffd  EUSCIA1_IRQHandler             
00003ffd  EUSCIA2_IRQHandler             
00003ffd  EUSCIA3_IRQHandler             
00003ffd  EUSCIB0_IRQHandler             
00003ffd  EUSCIB1_IRQHandler             
00003ffd  EUSCIB2_IRQHandler             
00003ffd  EUSCIB3_IRQHandler             
00003ffd  FLCTL_IRQHandler               
00003ffd  FPU_IRQHandler                 
00003b59  HOSTclose                      
00003565  HOSTlseek                      
000037c9  HOSTopen                       
00003885  HOSTread                       
000034f9  HOSTrename                     
00003b9d  HOSTunlink                     
000038dd  HOSTwrite                      
00003ffd  HardFault_Handler              
200005c8  IFlags                         
00003ffd  MemManage_Handler              
200007d0  Messageb                       
200007e0  Messageindexb                  
00002227  Motor_Backward                 
00002183  Motor_Forward                  
00002111  Motor_Init                     
000021ed  Motor_Left                     
000021b3  Motor_Right                    
00002163  Motor_Stop                     
00003ffd  NMI_Handler                    
00003ffd  PCM_IRQHandler                 
00003ffd  PORT1_IRQHandler               
00003ffd  PORT2_IRQHandler               
00003ffd  PORT3_IRQHandler               
00003ffd  PORT4_IRQHandler               
00003ffd  PORT5_IRQHandler               
00003ffd  PORT6_IRQHandler               
00003ffd  PSS_IRQHandler                 
0000187f  PWM_Duty1                      
0000189f  PWM_Duty2                      
00001943  PWM_Duty3                      
00001963  PWM_Duty4                      
00001795  PWM_Init1                      
000017fb  PWM_Init12                     
000018bf  PWM_Init34                     
00003ffd  PendSV_Handler                 
000030fd  Port2_Init                     
0000311d  Port2_Output                   
200005c4  Postwait                       
200005bc  Prewait                        
00003ffd  RTC_C_IRQHandler               
00001a2d  Reflectance_Center             
00001b73  Reflectance_End                
000019bd  Reflectance_Init               
00001a6f  Reflectance_Position           
000019dd  Reflectance_Read               
00001b41  Reflectance_Start              
00003ff1  Reset_Handler                  
00003ffd  SVC_Handler                    
00003ffd  SysTick_Handler                
2000060c  SystemCoreClock                
000011f1  SystemCoreClockUpdate          
00001469  SystemInit                     
00003ffd  T32_INT1_IRQHandler            
00003ffd  T32_INT2_IRQHandler            
00003ffd  T32_INTC_IRQHandler            
00003ffd  TA0_0_IRQHandler               
00003ffd  TA0_N_IRQHandler               
00003ffd  TA1_0_IRQHandler               
00003ffd  TA1_N_IRQHandler               
00003ffd  TA2_0_IRQHandler               
00003ffd  TA2_N_IRQHandler               
00003ffd  TA3_0_IRQHandler               
00003ffd  TA3_N_IRQHandler               
00000b7b  UART0_InChar                   
00001005  UART0_InString                 
00000bc5  UART0_InUDec                   
00000eb9  UART0_InUHex                   
00000b35  UART0_Init                     
00001165  UART0_Initprintf               
00000b8b  UART0_OutChar                  
00000ba7  UART0_OutString                
00000c49  UART0_OutUDec                  
00000db5  UART0_OutUDec4                 
00000e09  UART0_OutUDec5                 
00000e45  UART0_OutUFix1                 
00000e6d  UART0_OutUFix2                 
00000f7d  UART0_OutUHex                  
00000fe9  UART0_OutUHex2                 
00003ffd  UsageFault_Handler             
4000480c  WDTCTL_SYM                     
00003ffd  WDT_A_IRQHandler               
20000610  __CIOBUF_                      
20010000  __STACK_END                    
00000200  __STACK_SIZE                   
00000400  __SYSMEM_SIZE                  
000041d0  __TI_CINIT_Base                
000041e0  __TI_CINIT_Limit               
000041b8  __TI_Handler_Table_Base        
000041c4  __TI_Handler_Table_Limit       
00003be1  __TI_auto_init_nobinit_nopinit 
00003d19  __TI_cleanup                   
200005e0  __TI_cleanup_ptr               
000033a5  __TI_closefile                 
000035cd  __TI_decompress_lzss           
00003fe3  __TI_decompress_none           
00003a31  __TI_doflush                   
200005e4  __TI_dtors_ptr                 
200005e8  __TI_enable_exit_profile_output
200005d0  __TI_ft_end                    
0000398b  __TI_ltoa                      
ffffffff  __TI_pprof_out_hndl            
000000e5  __TI_printfi                   
ffffffff  __TI_prof_data_size            
ffffffff  __TI_prof_data_start           
00003d4d  __TI_readmsg                   
00000000  __TI_static_base__             
20000730  __TI_tmpnams                   
00003ca9  __TI_writemsg                  
00003765  __TI_wrt_ok                    
00003f0d  __TI_zero_init_nomemset        
0000321d  __aeabi_cdcmpeq                
0000321d  __aeabi_cdcmple                
000032a3  __aeabi_cdrcmple               
00003b11  __aeabi_d2iz                   
00001f63  __aeabi_dadd                   
000023b9  __aeabi_ddiv                   
00002a49  __aeabi_dmul                   
00001f59  __aeabi_dsub                   
00004001  __aeabi_errno_addr             
00003e19  __aeabi_i2d                    
0000210f  __aeabi_idiv0                  
0000210f  __aeabi_ldiv0                  
00003329  __aeabi_memclr                 
00003329  __aeabi_memclr4                
00003329  __aeabi_memclr8                
00002fc9  __aeabi_memcpy                 
00002fc9  __aeabi_memcpy4                
00002fc9  __aeabi_memcpy8                
0000332b  __aeabi_memset                 
0000332b  __aeabi_memset4                
0000332b  __aeabi_memset8                
200005dc  __aeabi_stderr                 
200005d4  __aeabi_stdin                  
200005d8  __aeabi_stdout                 
00003065  __aeabi_uldivmod               
ffffffff  __binit__                      
ffffffff  __c_args__                     
UNDEFED   __mpu_init                     
2000fe00  __stack                        
20000000  __start___llvm_prf_cnts        
20000000  __stop___llvm_prf_cnts         
00003d81  _c_int00_noargs                
00004020  _ctypes_                       
200004f0  _device                        
20000400  _ftable                        
200005ec  _lock                          
00000b33  _nop                           
20000568  _stream                        
20000000  _sys_memory                    
UNDEFED   _system_post_cinit             
00004019  _system_pre_init               
200005f0  _unlock                        
0000401d  abort                          
00002dc1  add_device                     
00002949  aligned_alloc                  
00003a7d  atoi                           
ffffffff  binit                          
00003829  close                          
00003f61  copysign                       
00003f61  copysignl                      
00001cc5  delay                          
20000600  errno                          
00003ac9  exit                           
0000109f  ferror                         
0000107f  fgetc                          
00003de9  finddevice                     
00002f2d  fopen                          
00003191  fputc                          
00002615  fputs                          
00002b45  free                           
00003db5  freopen                        
0000369d  frexp                          
0000369d  frexpl                         
00003701  fseek                          
00003c25  getdevice                      
00000000  interruptVectors               
00002839  ldexp                          
00002839  ldexpl                         
00003e9d  lseek                          
00003131  main                           
00004009  malloc                         
00002949  memalign                       
00003f45  memccpy                        
00003eed  memchr                         
00002fc9  memcpy                         
00003331  memset                         
00002d05  open                           
00000fc1  outnibble                      
200007d8  parmbuf                        
00003635  printf                         
00003191  putc                           
00003e49  remove                         
00002839  scalbn                         
00002839  scalbnl                        
00002c29  setvbuf                        
00003f93  strchr                         
00003f7b  strcmp                         
00003fa9  strcpy                         
00003fbd  strlen                         
00003ce1  strncpy                        
000010bd  uart_close                     
0000113b  uart_lseek                     
000010ad  uart_open                      
000010cf  uart_read                      
00001157  uart_rename                    
0000114b  uart_unlink                    
000010f9  uart_write                     
00003e49  unlink                         
00003fd1  wcslen                         
00003ec5  write                          


GLOBAL SYMBOLS: SORTED BY Symbol Address 

address   name                           
-------   ----                           
00000000  __TI_static_base__             
00000000  interruptVectors               
000000e5  __TI_printfi                   
00000200  __STACK_SIZE                   
00000400  __SYSMEM_SIZE                  
00000b33  _nop                           
00000b35  UART0_Init                     
00000b7b  UART0_InChar                   
00000b8b  UART0_OutChar                  
00000ba7  UART0_OutString                
00000bc5  UART0_InUDec                   
00000c49  UART0_OutUDec                  
00000db5  UART0_OutUDec4                 
00000e09  UART0_OutUDec5                 
00000e45  UART0_OutUFix1                 
00000e6d  UART0_OutUFix2                 
00000eb9  UART0_InUHex                   
00000f7d  UART0_OutUHex                  
00000fc1  outnibble                      
00000fe9  UART0_OutUHex2                 
00001005  UART0_InString                 
0000107f  fgetc                          
0000109f  ferror                         
000010ad  uart_open                      
000010bd  uart_close                     
000010cf  uart_read                      
000010f9  uart_write                     
0000113b  uart_lseek                     
0000114b  uart_unlink                    
00001157  uart_rename                    
00001165  UART0_Initprintf               
000011f1  SystemCoreClockUpdate          
00001469  SystemInit                     
00001795  PWM_Init1                      
000017fb  PWM_Init12                     
0000187f  PWM_Duty1                      
0000189f  PWM_Duty2                      
000018bf  PWM_Init34                     
00001943  PWM_Duty3                      
00001963  PWM_Duty4                      
000019bd  Reflectance_Init               
000019dd  Reflectance_Read               
00001a2d  Reflectance_Center             
00001a6f  Reflectance_Position           
00001b41  Reflectance_Start              
00001b73  Reflectance_End                
00001ba9  Clock_Init48MHz                
00001cbf  Clock_GetFreq                  
00001cc5  delay                          
00001cd3  Clock_Delay1us                 
00001cfd  Clock_Delay1ms                 
00001f59  __aeabi_dsub                   
00001f63  __aeabi_dadd                   
0000210f  __aeabi_idiv0                  
0000210f  __aeabi_ldiv0                  
00002111  Motor_Init                     
00002163  Motor_Stop                     
00002183  Motor_Forward                  
000021b3  Motor_Right                    
000021ed  Motor_Left                     
00002227  Motor_Backward                 
000023b9  __aeabi_ddiv                   
00002615  fputs                          
00002839  ldexp                          
00002839  ldexpl                         
00002839  scalbn                         
00002839  scalbnl                        
00002949  aligned_alloc                  
00002949  memalign                       
00002a49  __aeabi_dmul                   
00002b45  free                           
00002c29  setvbuf                        
00002d05  open                           
00002dc1  add_device                     
00002f2d  fopen                          
00002fc9  __aeabi_memcpy                 
00002fc9  __aeabi_memcpy4                
00002fc9  __aeabi_memcpy8                
00002fc9  memcpy                         
00003065  __aeabi_uldivmod               
000030fd  Port2_Init                     
0000311d  Port2_Output                   
00003131  main                           
00003191  fputc                          
00003191  putc                           
0000321d  __aeabi_cdcmpeq                
0000321d  __aeabi_cdcmple                
000032a3  __aeabi_cdrcmple               
00003329  __aeabi_memclr                 
00003329  __aeabi_memclr4                
00003329  __aeabi_memclr8                
0000332b  __aeabi_memset                 
0000332b  __aeabi_memset4                
0000332b  __aeabi_memset8                
00003331  memset                         
000033a5  __TI_closefile                 
000034f9  HOSTrename                     
00003565  HOSTlseek                      
000035cd  __TI_decompress_lzss           
00003635  printf                         
0000369d  frexp                          
0000369d  frexpl                         
00003701  fseek                          
00003765  __TI_wrt_ok                    
000037c9  HOSTopen                       
00003829  close                          
00003885  HOSTread                       
000038dd  HOSTwrite                      
0000398b  __TI_ltoa                      
00003a31  __TI_doflush                   
00003a7d  atoi                           
00003ac9  exit                           
00003b11  __aeabi_d2iz                   
00003b59  HOSTclose                      
00003b9d  HOSTunlink                     
00003be1  __TI_auto_init_nobinit_nopinit 
00003c25  getdevice                      
00003ca9  __TI_writemsg                  
00003cd7  C$$IO$$                        
00003ce1  strncpy                        
00003d19  __TI_cleanup                   
00003d4d  __TI_readmsg                   
00003d81  _c_int00_noargs                
00003db5  freopen                        
00003de9  finddevice                     
00003e19  __aeabi_i2d                    
00003e49  remove                         
00003e49  unlink                         
00003e9d  lseek                          
00003ec5  write                          
00003eed  memchr                         
00003f0d  __TI_zero_init_nomemset        
00003f45  memccpy                        
00003f61  copysign                       
00003f61  copysignl                      
00003f7b  strcmp                         
00003f93  strchr                         
00003fa9  strcpy                         
00003fbd  strlen                         
00003fd1  wcslen                         
00003fe3  __TI_decompress_none           
00003ff1  Reset_Handler                  
00003ffd  ADC14_IRQHandler               
00003ffd  AES256_IRQHandler              
00003ffd  BusFault_Handler               
00003ffd  COMP_E0_IRQHandler             
00003ffd  COMP_E1_IRQHandler             
00003ffd  CS_IRQHandler                  
00003ffd  DMA_ERR_IRQHandler             
00003ffd  DMA_INT0_IRQHandler            
00003ffd  DMA_INT1_IRQHandler            
00003ffd  DMA_INT2_IRQHandler            
00003ffd  DMA_INT3_IRQHandler            
00003ffd  DebugMon_Handler               
00003ffd  Default_Handler                
00003ffd  EUSCIA0_IRQHandler             
00003ffd  EUSCIA1_IRQHandler             
00003ffd  EUSCIA2_IRQHandler             
00003ffd  EUSCIA3_IRQHandler             
00003ffd  EUSCIB0_IRQHandler             
00003ffd  EUSCIB1_IRQHandler             
00003ffd  EUSCIB2_IRQHandler             
00003ffd  EUSCIB3_IRQHandler             
00003ffd  FLCTL_IRQHandler               
00003ffd  FPU_IRQHandler                 
00003ffd  HardFault_Handler              
00003ffd  MemManage_Handler              
00003ffd  NMI_Handler                    
00003ffd  PCM_IRQHandler                 
00003ffd  PORT1_IRQHandler               
00003ffd  PORT2_IRQHandler               
00003ffd  PORT3_IRQHandler               
00003ffd  PORT4_IRQHandler               
00003ffd  PORT5_IRQHandler               
00003ffd  PORT6_IRQHandler               
00003ffd  PSS_IRQHandler                 
00003ffd  PendSV_Handler                 
00003ffd  RTC_C_IRQHandler               
00003ffd  SVC_Handler                    
00003ffd  SysTick_Handler                
00003ffd  T32_INT1_IRQHandler            
00003ffd  T32_INT2_IRQHandler            
00003ffd  T32_INTC_IRQHandler            
00003ffd  TA0_0_IRQHandler               
00003ffd  TA0_N_IRQHandler               
00003ffd  TA1_0_IRQHandler               
00003ffd  TA1_N_IRQHandler               
00003ffd  TA2_0_IRQHandler               
00003ffd  TA2_N_IRQHandler               
00003ffd  TA3_0_IRQHandler               
00003ffd  TA3_N_IRQHandler               
00003ffd  UsageFault_Handler             
00003ffd  WDT_A_IRQHandler               
00004001  __aeabi_errno_addr             
00004009  malloc                         
00004019  _system_pre_init               
0000401d  C$$EXIT                        
0000401d  abort                          
00004020  _ctypes_                       
000041b8  __TI_Handler_Table_Base        
000041c4  __TI_Handler_Table_Limit       
000041d0  __TI_CINIT_Base                
000041e0  __TI_CINIT_Limit               
20000000  __start___llvm_prf_cnts        
20000000  __stop___llvm_prf_cnts         
20000000  _sys_memory                    
20000400  _ftable                        
200004f0  _device                        
20000568  _stream                        
200005b8  ClockFrequency                 
200005bc  Prewait                        
200005c0  CPMwait                        
200005c4  Postwait                       
200005c8  IFlags                         
200005cc  Crystalstable                  
200005d0  __TI_ft_end                    
200005d4  __aeabi_stdin                  
200005d8  __aeabi_stdout                 
200005dc  __aeabi_stderr                 
200005e0  __TI_cleanup_ptr               
200005e4  __TI_dtors_ptr                 
200005e8  __TI_enable_exit_profile_output
200005ec  _lock                          
200005f0  _unlock                        
20000600  errno                          
2000060c  SystemCoreClock                
20000610  __CIOBUF_                      
20000730  __TI_tmpnams                   
200007d0  Messageb                       
200007d8  parmbuf                        
200007e0  Messageindexb                  
2000fe00  __stack                        
20010000  __STACK_END                    
4000480c  WDTCTL_SYM                     
ffffffff  __TI_pprof_out_hndl            
ffffffff  __TI_prof_data_size            
ffffffff  __TI_prof_data_start           
ffffffff  __binit__                      
ffffffff  __c_args__                     
ffffffff  binit                          
UNDEFED   __mpu_init                     
UNDEFED   _system_post_cinit             

[242 symbols]
